Archive member included to satisfy reference by file (symbol)

/usr/lib/gcc/arm-none-eabi/9.2.1/../../../arm-none-eabi/lib/thumb/v7e-m+dp/hard/libc_nano.a(lib_a-atexit.o)
                              /usr/lib/gcc/arm-none-eabi/9.2.1/../../../arm-none-eabi/lib/thumb/v7e-m+dp/hard/crt0.o (atexit)
/usr/lib/gcc/arm-none-eabi/9.2.1/../../../arm-none-eabi/lib/thumb/v7e-m+dp/hard/libc_nano.a(lib_a-exit.o)
                              /usr/lib/gcc/arm-none-eabi/9.2.1/../../../arm-none-eabi/lib/thumb/v7e-m+dp/hard/crt0.o (exit)
/usr/lib/gcc/arm-none-eabi/9.2.1/../../../arm-none-eabi/lib/thumb/v7e-m+dp/hard/libc_nano.a(lib_a-fini.o)
                              /usr/lib/gcc/arm-none-eabi/9.2.1/../../../arm-none-eabi/lib/thumb/v7e-m+dp/hard/crt0.o (__libc_fini_array)
/usr/lib/gcc/arm-none-eabi/9.2.1/../../../arm-none-eabi/lib/thumb/v7e-m+dp/hard/libc_nano.a(lib_a-impure.o)
                              /usr/lib/gcc/arm-none-eabi/9.2.1/../../../arm-none-eabi/lib/thumb/v7e-m+dp/hard/libc_nano.a(lib_a-exit.o) (_global_impure_ptr)
/usr/lib/gcc/arm-none-eabi/9.2.1/../../../arm-none-eabi/lib/thumb/v7e-m+dp/hard/libc_nano.a(lib_a-init.o)
                              /usr/lib/gcc/arm-none-eabi/9.2.1/../../../arm-none-eabi/lib/thumb/v7e-m+dp/hard/crt0.o (__libc_init_array)
/usr/lib/gcc/arm-none-eabi/9.2.1/../../../arm-none-eabi/lib/thumb/v7e-m+dp/hard/libc_nano.a(lib_a-memcpy.o)
                              build/arm_convolve_HWC_q15_basic.o (memcpy)
/usr/lib/gcc/arm-none-eabi/9.2.1/../../../arm-none-eabi/lib/thumb/v7e-m+dp/hard/libc_nano.a(lib_a-memmove.o)
                              build/arm_pool_q7_HWC.o (memmove)
/usr/lib/gcc/arm-none-eabi/9.2.1/../../../arm-none-eabi/lib/thumb/v7e-m+dp/hard/libc_nano.a(lib_a-memset.o)
                              /usr/lib/gcc/arm-none-eabi/9.2.1/../../../arm-none-eabi/lib/thumb/v7e-m+dp/hard/crt0.o (memset)
/usr/lib/gcc/arm-none-eabi/9.2.1/../../../arm-none-eabi/lib/thumb/v7e-m+dp/hard/libc_nano.a(lib_a-nano-vfprintf_float.o)
                              (_printf_float)
/usr/lib/gcc/arm-none-eabi/9.2.1/../../../arm-none-eabi/lib/thumb/v7e-m+dp/hard/libc_nano.a(lib_a-nano-vfprintf_i.o)
                              /usr/lib/gcc/arm-none-eabi/9.2.1/../../../arm-none-eabi/lib/thumb/v7e-m+dp/hard/libc_nano.a(lib_a-nano-vfprintf_float.o) (_printf_common)
/usr/lib/gcc/arm-none-eabi/9.2.1/../../../arm-none-eabi/lib/thumb/v7e-m+dp/hard/libc_nano.a(lib_a-strlen.o)
                              /usr/lib/gcc/arm-none-eabi/9.2.1/../../../arm-none-eabi/lib/thumb/v7e-m+dp/hard/libc_nano.a(lib_a-nano-vfprintf_float.o) (strlen)
/usr/lib/gcc/arm-none-eabi/9.2.1/../../../arm-none-eabi/lib/thumb/v7e-m+dp/hard/libc_nano.a(lib_a-__atexit.o)
                              /usr/lib/gcc/arm-none-eabi/9.2.1/../../../arm-none-eabi/lib/thumb/v7e-m+dp/hard/libc_nano.a(lib_a-atexit.o) (__register_exitproc)
/usr/lib/gcc/arm-none-eabi/9.2.1/../../../arm-none-eabi/lib/thumb/v7e-m+dp/hard/libc_nano.a(lib_a-__call_atexit.o)
                              /usr/lib/gcc/arm-none-eabi/9.2.1/../../../arm-none-eabi/lib/thumb/v7e-m+dp/hard/libc_nano.a(lib_a-__atexit.o) (__call_exitprocs)
/usr/lib/gcc/arm-none-eabi/9.2.1/../../../arm-none-eabi/lib/thumb/v7e-m+dp/hard/libc_nano.a(lib_a-dtoa.o)
                              /usr/lib/gcc/arm-none-eabi/9.2.1/../../../arm-none-eabi/lib/thumb/v7e-m+dp/hard/libc_nano.a(lib_a-nano-vfprintf_float.o) (_dtoa_r)
/usr/lib/gcc/arm-none-eabi/9.2.1/../../../arm-none-eabi/lib/thumb/v7e-m+dp/hard/libc_nano.a(lib_a-localeconv.o)
                              /usr/lib/gcc/arm-none-eabi/9.2.1/../../../arm-none-eabi/lib/thumb/v7e-m+dp/hard/libc_nano.a(lib_a-nano-vfprintf_float.o) (_localeconv_r)
/usr/lib/gcc/arm-none-eabi/9.2.1/../../../arm-none-eabi/lib/thumb/v7e-m+dp/hard/libc_nano.a(lib_a-malloc.o)
                              /usr/lib/gcc/arm-none-eabi/9.2.1/../../../arm-none-eabi/lib/thumb/v7e-m+dp/hard/libc_nano.a(lib_a-dtoa.o) (malloc)
/usr/lib/gcc/arm-none-eabi/9.2.1/../../../arm-none-eabi/lib/thumb/v7e-m+dp/hard/libc_nano.a(lib_a-memchr.o)
                              /usr/lib/gcc/arm-none-eabi/9.2.1/../../../arm-none-eabi/lib/thumb/v7e-m+dp/hard/libc_nano.a(lib_a-nano-vfprintf_i.o) (memchr)
/usr/lib/gcc/arm-none-eabi/9.2.1/../../../arm-none-eabi/lib/thumb/v7e-m+dp/hard/libc_nano.a(lib_a-mprec.o)
                              /usr/lib/gcc/arm-none-eabi/9.2.1/../../../arm-none-eabi/lib/thumb/v7e-m+dp/hard/libc_nano.a(lib_a-dtoa.o) (_Balloc)
/usr/lib/gcc/arm-none-eabi/9.2.1/../../../arm-none-eabi/lib/thumb/v7e-m+dp/hard/libc_nano.a(lib_a-nano-callocr.o)
                              /usr/lib/gcc/arm-none-eabi/9.2.1/../../../arm-none-eabi/lib/thumb/v7e-m+dp/hard/libc_nano.a(lib_a-mprec.o) (_calloc_r)
/usr/lib/gcc/arm-none-eabi/9.2.1/../../../arm-none-eabi/lib/thumb/v7e-m+dp/hard/libc_nano.a(lib_a-nano-freer.o)
                              /usr/lib/gcc/arm-none-eabi/9.2.1/../../../arm-none-eabi/lib/thumb/v7e-m+dp/hard/libc_nano.a(lib_a-malloc.o) (_free_r)
[...]
Memory Configuration

Name             Origin             Length             Attributes
RAM              0x0000000024000000 0x0000000000040000 xrw
FLASH            0x0000000008000000 0x0000000000100000 xr
DTCMRAM          0x0000000020000000 0x0000000000020000 xrw
RAM_D2           0x0000000030000000 0x0000000000048000 xrw
RAM_D3           0x0000000038000000 0x0000000000010000 xrw
ITCMRAM          0x0000000000000000 0x0000000000010000 xrw
*default*        0x0000000000000000 0xffffffffffffffff

Linker script and memory map

LOAD /usr/lib/gcc/arm-none-eabi/9.2.1/thumb/v7e-m+dp/hard/crti.o
LOAD /usr/lib/gcc/arm-none-eabi/9.2.1/thumb/v7e-m+dp/hard/crtbegin.o
LOAD /usr/lib/gcc/arm-none-eabi/9.2.1/../../../arm-none-eabi/lib/thumb/v7e-m+dp/hard/crt0.o
LOAD build/adv7533.o
LOAD build/adv7533_reg.o
LOAD build/is42s32800j.o
LOAD build/otm8009a.o
LOAD build/otm8009a_reg.o
LOAD build/font12.o
LOAD build/font16.o
LOAD build/font20.o
LOAD build/font24.o
LOAD build/font8.o
LOAD build/stm32h747i_discovery.o
LOAD build/stm32h747i_discovery_bus.o
LOAD build/stm32h747i_discovery_lcd.o
LOAD build/stm32h747i_discovery_sdram.o
LOAD build/stm32_lcd.o
LOAD build/system_stm32h7xx_dualcore_boot_cm4_cm7.o
LOAD build/arm_abs_f32.o
LOAD build/arm_abs_q15.o
LOAD build/arm_abs_q31.o
LOAD build/arm_abs_q7.o
LOAD build/arm_add_f32.o
LOAD build/arm_add_q15.o
LOAD build/arm_add_q31.o
LOAD build/arm_add_q7.o
LOAD build/arm_dot_prod_f32.o
LOAD build/arm_dot_prod_q15.o
LOAD build/arm_dot_prod_q31.o
LOAD build/arm_dot_prod_q7.o
LOAD build/arm_mult_f32.o
LOAD build/arm_mult_q15.o
LOAD build/arm_mult_q31.o
LOAD build/arm_mult_q7.o
LOAD build/arm_negate_f32.o
LOAD build/arm_negate_q15.o
LOAD build/arm_negate_q31.o
LOAD build/arm_negate_q7.o
LOAD build/arm_offset_f32.o
LOAD build/arm_offset_q15.o
LOAD build/arm_offset_q31.o
LOAD build/arm_offset_q7.o
LOAD build/arm_scale_f32.o
LOAD build/arm_scale_q15.o
LOAD build/arm_scale_q31.o
LOAD build/arm_scale_q7.o
LOAD build/arm_shift_q15.o
LOAD build/arm_shift_q31.o
LOAD build/arm_shift_q7.o
LOAD build/arm_sub_f32.o
LOAD build/arm_sub_q15.o
LOAD build/arm_sub_q31.o
LOAD build/arm_sub_q7.o
LOAD build/arm_common_tables.o
LOAD build/arm_const_structs.o
LOAD build/arm_cmplx_conj_f32.o
LOAD build/arm_cmplx_conj_q15.o
LOAD build/arm_cmplx_conj_q31.o
LOAD build/arm_cmplx_dot_prod_f32.o
LOAD build/arm_cmplx_dot_prod_q15.o
LOAD build/arm_cmplx_dot_prod_q31.o
LOAD build/arm_cmplx_mag_f32.o
LOAD build/arm_cmplx_mag_q15.o
LOAD build/arm_cmplx_mag_q31.o
LOAD build/arm_cmplx_mag_squared_f32.o
LOAD build/arm_cmplx_mag_squared_q15.o
LOAD build/arm_cmplx_mag_squared_q31.o
LOAD build/arm_cmplx_mult_cmplx_f32.o
LOAD build/arm_cmplx_mult_cmplx_q15.o
LOAD build/arm_cmplx_mult_cmplx_q31.o
LOAD build/arm_cmplx_mult_real_f32.o
LOAD build/arm_cmplx_mult_real_q15.o
LOAD build/arm_cmplx_mult_real_q31.o
LOAD build/arm_pid_init_f32.o
LOAD build/arm_pid_init_q15.o
LOAD build/arm_pid_init_q31.o
LOAD build/arm_pid_reset_f32.o
LOAD build/arm_pid_reset_q15.o
LOAD build/arm_pid_reset_q31.o
LOAD build/arm_sin_cos_f32.o
LOAD build/arm_sin_cos_q31.o
LOAD build/arm_cos_f32.o
LOAD build/arm_cos_q15.o
LOAD build/arm_cos_q31.o
LOAD build/arm_sin_f32.o
LOAD build/arm_sin_q15.o
LOAD build/arm_sin_q31.o
LOAD build/arm_sqrt_q15.o
LOAD build/arm_sqrt_q31.o
LOAD build/arm_biquad_cascade_df1_32x64_init_q31.o
LOAD build/arm_biquad_cascade_df1_32x64_q31.o
LOAD build/arm_biquad_cascade_df1_f32.o
LOAD build/arm_biquad_cascade_df1_fast_q15.o
LOAD build/arm_biquad_cascade_df1_fast_q31.o
LOAD build/arm_biquad_cascade_df1_init_f32.o
LOAD build/arm_biquad_cascade_df1_init_q15.o
LOAD build/arm_biquad_cascade_df1_init_q31.o
LOAD build/arm_biquad_cascade_df1_q15.o
LOAD build/arm_biquad_cascade_df1_q31.o
LOAD build/arm_biquad_cascade_df2T_f32.o
LOAD build/arm_biquad_cascade_df2T_f64.o
LOAD build/arm_biquad_cascade_df2T_init_f32.o
LOAD build/arm_biquad_cascade_df2T_init_f64.o
LOAD build/arm_biquad_cascade_stereo_df2T_f32.o
LOAD build/arm_biquad_cascade_stereo_df2T_init_f32.o
LOAD build/arm_conv_f32.o
LOAD build/arm_conv_fast_opt_q15.o
LOAD build/arm_conv_fast_q15.o
LOAD build/arm_conv_fast_q31.o
LOAD build/arm_conv_opt_q15.o
LOAD build/arm_conv_opt_q7.o
LOAD build/arm_conv_partial_f32.o
LOAD build/arm_conv_partial_fast_opt_q15.o
LOAD build/arm_conv_partial_fast_q15.o
LOAD build/arm_conv_partial_fast_q31.o
LOAD build/arm_conv_partial_opt_q15.o
LOAD build/arm_conv_partial_opt_q7.o
LOAD build/arm_conv_partial_q15.o
LOAD build/arm_conv_partial_q31.o
LOAD build/arm_conv_partial_q7.o
LOAD build/arm_conv_q15.o
LOAD build/arm_conv_q31.o
LOAD build/arm_conv_q7.o
LOAD build/arm_correlate_f32.o
LOAD build/arm_correlate_fast_opt_q15.o
LOAD build/arm_correlate_fast_q15.o
LOAD build/arm_correlate_fast_q31.o
LOAD build/arm_correlate_opt_q15.o
LOAD build/arm_correlate_opt_q7.o
LOAD build/arm_correlate_q15.o
LOAD build/arm_correlate_q31.o
LOAD build/arm_correlate_q7.o
LOAD build/arm_fir_decimate_f32.o
LOAD build/arm_fir_decimate_fast_q15.o
LOAD build/arm_fir_decimate_fast_q31.o
LOAD build/arm_fir_decimate_init_f32.o
LOAD build/arm_fir_decimate_init_q15.o
LOAD build/arm_fir_decimate_init_q31.o
LOAD build/arm_fir_decimate_q15.o
LOAD build/arm_fir_decimate_q31.o
LOAD build/arm_fir_f32.o
LOAD build/arm_fir_fast_q15.o
LOAD build/arm_fir_fast_q31.o
LOAD build/arm_fir_init_f32.o
LOAD build/arm_fir_init_q15.o
LOAD build/arm_fir_init_q31.o
LOAD build/arm_fir_init_q7.o
LOAD build/arm_fir_interpolate_f32.o
LOAD build/arm_fir_interpolate_init_f32.o
LOAD build/arm_fir_interpolate_init_q15.o
LOAD build/arm_fir_interpolate_init_q31.o
LOAD build/arm_fir_interpolate_q15.o
LOAD build/arm_fir_interpolate_q31.o
LOAD build/arm_fir_lattice_f32.o
LOAD build/arm_fir_lattice_init_f32.o
LOAD build/arm_fir_lattice_init_q15.o
LOAD build/arm_fir_lattice_init_q31.o
LOAD build/arm_fir_lattice_q15.o
LOAD build/arm_fir_lattice_q31.o
LOAD build/arm_fir_q15.o
LOAD build/arm_fir_q31.o
LOAD build/arm_fir_q7.o
LOAD build/arm_fir_sparse_f32.o
LOAD build/arm_fir_sparse_init_f32.o
LOAD build/arm_fir_sparse_init_q15.o
LOAD build/arm_fir_sparse_init_q31.o
LOAD build/arm_fir_sparse_init_q7.o
LOAD build/arm_fir_sparse_q15.o
LOAD build/arm_fir_sparse_q31.o
LOAD build/arm_fir_sparse_q7.o
LOAD build/arm_iir_lattice_f32.o
LOAD build/arm_iir_lattice_init_f32.o
LOAD build/arm_iir_lattice_init_q15.o
LOAD build/arm_iir_lattice_init_q31.o
LOAD build/arm_iir_lattice_q15.o
LOAD build/arm_iir_lattice_q31.o
LOAD build/arm_lms_f32.o
LOAD build/arm_lms_init_f32.o
LOAD build/arm_lms_init_q15.o
LOAD build/arm_lms_init_q31.o
LOAD build/arm_lms_norm_f32.o
LOAD build/arm_lms_norm_init_f32.o
LOAD build/arm_lms_norm_init_q15.o
LOAD build/arm_lms_norm_init_q31.o
LOAD build/arm_lms_norm_q15.o
LOAD build/arm_lms_norm_q31.o
LOAD build/arm_lms_q15.o
LOAD build/arm_lms_q31.o
LOAD build/arm_mat_add_f32.o
LOAD build/arm_mat_add_q15.o
LOAD build/arm_mat_add_q31.o
LOAD build/arm_mat_cmplx_mult_f32.o
LOAD build/arm_mat_cmplx_mult_q15.o
LOAD build/arm_mat_cmplx_mult_q31.o
LOAD build/arm_mat_init_f32.o
LOAD build/arm_mat_init_q15.o
LOAD build/arm_mat_init_q31.o
LOAD build/arm_mat_inverse_f32.o
LOAD build/arm_mat_inverse_f64.o
LOAD build/arm_mat_mult_f32.o
LOAD build/arm_mat_mult_fast_q15.o
LOAD build/arm_mat_mult_fast_q31.o
LOAD build/arm_mat_mult_q15.o
LOAD build/arm_mat_mult_q31.o
LOAD build/arm_mat_scale_f32.o
LOAD build/arm_mat_scale_q15.o
LOAD build/arm_mat_scale_q31.o
LOAD build/arm_mat_sub_f32.o
LOAD build/arm_mat_sub_q15.o
LOAD build/arm_mat_sub_q31.o
LOAD build/arm_mat_trans_f32.o
LOAD build/arm_mat_trans_q15.o
LOAD build/arm_mat_trans_q31.o
LOAD build/arm_max_f32.o
LOAD build/arm_max_q15.o
LOAD build/arm_max_q31.o
LOAD build/arm_max_q7.o
LOAD build/arm_mean_f32.o
LOAD build/arm_mean_q15.o
LOAD build/arm_mean_q31.o
LOAD build/arm_mean_q7.o
LOAD build/arm_min_f32.o
LOAD build/arm_min_q15.o
LOAD build/arm_min_q31.o
LOAD build/arm_min_q7.o
LOAD build/arm_power_f32.o
LOAD build/arm_power_q15.o
LOAD build/arm_power_q31.o
LOAD build/arm_power_q7.o
LOAD build/arm_rms_f32.o
LOAD build/arm_rms_q15.o
LOAD build/arm_rms_q31.o
LOAD build/arm_std_f32.o
LOAD build/arm_std_q15.o
LOAD build/arm_std_q31.o
LOAD build/arm_var_f32.o
LOAD build/arm_var_q15.o
LOAD build/arm_var_q31.o
LOAD build/arm_copy_f32.o
LOAD build/arm_copy_q15.o
LOAD build/arm_copy_q31.o
LOAD build/arm_copy_q7.o
LOAD build/arm_fill_f32.o
LOAD build/arm_fill_q15.o
LOAD build/arm_fill_q31.o
LOAD build/arm_fill_q7.o
LOAD build/arm_float_to_q15.o
LOAD build/arm_float_to_q31.o
LOAD build/arm_float_to_q7.o
LOAD build/arm_q15_to_float.o
LOAD build/arm_q15_to_q31.o
LOAD build/arm_q15_to_q7.o
LOAD build/arm_q31_to_float.o
LOAD build/arm_q31_to_q15.o
LOAD build/arm_q31_to_q7.o
LOAD build/arm_q7_to_float.o
LOAD build/arm_q7_to_q15.o
LOAD build/arm_q7_to_q31.o
LOAD build/arm_bitreversal.o
LOAD build/arm_bitreversal2.o
LOAD build/arm_cfft_f32.o
LOAD build/arm_cfft_q15.o
LOAD build/arm_cfft_q31.o
LOAD build/arm_cfft_radix2_f32.o
LOAD build/arm_cfft_radix2_init_f32.o
LOAD build/arm_cfft_radix2_init_q15.o
LOAD build/arm_cfft_radix2_init_q31.o
LOAD build/arm_cfft_radix2_q15.o
LOAD build/arm_cfft_radix2_q31.o
LOAD build/arm_cfft_radix4_f32.o
LOAD build/arm_cfft_radix4_init_f32.o
LOAD build/arm_cfft_radix4_init_q15.o
LOAD build/arm_cfft_radix4_init_q31.o
LOAD build/arm_cfft_radix4_q15.o
LOAD build/arm_cfft_radix4_q31.o
LOAD build/arm_cfft_radix8_f32.o
LOAD build/arm_dct4_f32.o
LOAD build/arm_dct4_init_f32.o
LOAD build/arm_dct4_init_q15.o
LOAD build/arm_dct4_init_q31.o
LOAD build/arm_dct4_q15.o
LOAD build/arm_dct4_q31.o
LOAD build/arm_rfft_f32.o
LOAD build/arm_rfft_fast_f32.o
LOAD build/arm_rfft_fast_init_f32.o
LOAD build/arm_rfft_init_f32.o
LOAD build/arm_rfft_init_q15.o
LOAD build/arm_rfft_init_q31.o
LOAD build/arm_rfft_q15.o
LOAD build/arm_rfft_q31.o
LOAD build/arm_nn_activations_q15.o
LOAD build/arm_nn_activations_q7.o
LOAD build/arm_relu_q15.o
LOAD build/arm_relu_q7.o
LOAD build/arm_convolve_1x1_HWC_q7_fast_nonsquare.o
LOAD build/arm_convolve_HWC_q15_basic.o
LOAD build/arm_convolve_HWC_q15_fast.o
LOAD build/arm_convolve_HWC_q15_fast_nonsquare.o
LOAD build/arm_convolve_HWC_q7_basic.o
LOAD build/arm_convolve_HWC_q7_basic_nonsquare.o
LOAD build/arm_convolve_HWC_q7_fast.o
LOAD build/arm_convolve_HWC_q7_fast_nonsquare.o
LOAD build/arm_convolve_HWC_q7_RGB.o
LOAD build/arm_depthwise_conv_u8_basic_ver1.o
LOAD build/arm_depthwise_separable_conv_HWC_q7.o
LOAD build/arm_depthwise_separable_conv_HWC_q7_nonsquare.o
LOAD build/arm_nn_mat_mult_kernel_q7_q15.o
LOAD build/arm_nn_mat_mult_kernel_q7_q15_reordered.o
LOAD build/arm_fully_connected_mat_q7_vec_q15.o
LOAD build/arm_fully_connected_mat_q7_vec_q15_opt.o
LOAD build/arm_fully_connected_q15.o
LOAD build/arm_fully_connected_q15_opt.o
LOAD build/arm_fully_connected_q7.o
LOAD build/arm_fully_connected_q7_opt.o
LOAD build/arm_nntables.o
LOAD build/arm_nn_mult_q15.o
LOAD build/arm_nn_mult_q7.o
LOAD build/arm_q7_to_q15_no_shift.o
LOAD build/arm_q7_to_q15_reordered_no_shift.o
LOAD build/arm_pool_q7_HWC.o
LOAD build/arm_softmax_q15.o
LOAD build/arm_softmax_q7.o
LOAD build/stm32h7xx_hal.o
LOAD build/stm32h7xx_hal_adc.o
LOAD build/stm32h7xx_hal_adc_ex.o
LOAD build/stm32h7xx_hal_cec.o
LOAD build/stm32h7xx_hal_comp.o
LOAD build/stm32h7xx_hal_cordic.o
LOAD build/stm32h7xx_hal_cortex.o
LOAD build/stm32h7xx_hal_crc.o
LOAD build/stm32h7xx_hal_crc_ex.o
LOAD build/stm32h7xx_hal_cryp.o
LOAD build/stm32h7xx_hal_cryp_ex.o
LOAD build/stm32h7xx_hal_dac.o
LOAD build/stm32h7xx_hal_dac_ex.o
LOAD build/stm32h7xx_hal_dcmi.o
LOAD build/stm32h7xx_hal_dfsdm.o
LOAD build/stm32h7xx_hal_dfsdm_ex.o
LOAD build/stm32h7xx_hal_dma.o
LOAD build/stm32h7xx_hal_dma2d.o
LOAD build/stm32h7xx_hal_dma_ex.o
LOAD build/stm32h7xx_hal_dsi.o
LOAD build/stm32h7xx_hal_dts.o
LOAD build/stm32h7xx_hal_eth.o
LOAD build/stm32h7xx_hal_eth_ex.o
LOAD build/stm32h7xx_hal_exti.o
LOAD build/stm32h7xx_hal_fdcan.o
LOAD build/stm32h7xx_hal_flash.o
LOAD build/stm32h7xx_hal_flash_ex.o
LOAD build/stm32h7xx_hal_fmac.o
LOAD build/stm32h7xx_hal_gfxmmu.o
LOAD build/stm32h7xx_hal_gpio.o
LOAD build/stm32h7xx_hal_hash.o
LOAD build/stm32h7xx_hal_hash_ex.o
LOAD build/stm32h7xx_hal_hcd.o
LOAD build/stm32h7xx_hal_hrtim.o
LOAD build/stm32h7xx_hal_hsem.o
LOAD build/stm32h7xx_hal_i2c.o
LOAD build/stm32h7xx_hal_i2c_ex.o
LOAD build/stm32h7xx_hal_i2s.o
LOAD build/stm32h7xx_hal_i2s_ex.o
LOAD build/stm32h7xx_hal_irda.o
LOAD build/stm32h7xx_hal_iwdg.o
LOAD build/stm32h7xx_hal_jpeg.o
LOAD build/stm32h7xx_hal_lptim.o
LOAD build/stm32h7xx_hal_ltdc.o
LOAD build/stm32h7xx_hal_ltdc_ex.o
LOAD build/stm32h7xx_hal_mdios.o
LOAD build/stm32h7xx_hal_mdma.o
LOAD build/stm32h7xx_hal_mmc.o
LOAD build/stm32h7xx_hal_mmc_ex.o
LOAD build/stm32h7xx_hal_nand.o
LOAD build/stm32h7xx_hal_nor.o
LOAD build/stm32h7xx_hal_opamp.o
LOAD build/stm32h7xx_hal_opamp_ex.o
LOAD build/stm32h7xx_hal_ospi.o
LOAD build/stm32h7xx_hal_otfdec.o
LOAD build/stm32h7xx_hal_pcd.o
LOAD build/stm32h7xx_hal_pcd_ex.o
LOAD build/stm32h7xx_hal_pssi.o
LOAD build/stm32h7xx_hal_pwr.o
LOAD build/stm32h7xx_hal_pwr_ex.o
LOAD build/stm32h7xx_hal_qspi.o
LOAD build/stm32h7xx_hal_ramecc.o
LOAD build/stm32h7xx_hal_rcc.o
LOAD build/stm32h7xx_hal_rcc_ex.o
LOAD build/stm32h7xx_hal_rng.o
LOAD build/stm32h7xx_hal_rng_ex.o
LOAD build/stm32h7xx_hal_rtc.o
LOAD build/stm32h7xx_hal_rtc_ex.o
LOAD build/stm32h7xx_hal_sai.o
LOAD build/stm32h7xx_hal_sai_ex.o
LOAD build/stm32h7xx_hal_sd.o
LOAD build/stm32h7xx_hal_sdram.o
LOAD build/stm32h7xx_hal_sd_ex.o
LOAD build/stm32h7xx_hal_smartcard.o
LOAD build/stm32h7xx_hal_smartcard_ex.o
LOAD build/stm32h7xx_hal_smbus.o
LOAD build/stm32h7xx_hal_spdifrx.o
LOAD build/stm32h7xx_hal_spi.o
LOAD build/stm32h7xx_hal_spi_ex.o
LOAD build/stm32h7xx_hal_sram.o
LOAD build/stm32h7xx_hal_swpmi.o
LOAD build/stm32h7xx_hal_tim.o
LOAD build/stm32h7xx_hal_tim_ex.o
LOAD build/stm32h7xx_hal_uart.o
LOAD build/stm32h7xx_hal_uart_ex.o
LOAD build/stm32h7xx_hal_usart.o
LOAD build/stm32h7xx_hal_usart_ex.o
LOAD build/stm32h7xx_hal_wwdg.o
LOAD build/stm32h7xx_ll_adc.o
LOAD build/stm32h7xx_ll_bdma.o
LOAD build/stm32h7xx_ll_comp.o
LOAD build/stm32h7xx_ll_cordic.o
LOAD build/stm32h7xx_ll_crc.o
LOAD build/stm32h7xx_ll_crs.o
LOAD build/stm32h7xx_ll_dac.o
LOAD build/stm32h7xx_ll_delayblock.o
LOAD build/stm32h7xx_ll_dma.o
LOAD build/stm32h7xx_ll_dma2d.o
LOAD build/stm32h7xx_ll_exti.o
LOAD build/stm32h7xx_ll_fmac.o
LOAD build/stm32h7xx_ll_fmc.o
LOAD build/stm32h7xx_ll_gpio.o
LOAD build/stm32h7xx_ll_hrtim.o
LOAD build/stm32h7xx_ll_i2c.o
LOAD build/stm32h7xx_ll_lptim.o
LOAD build/stm32h7xx_ll_lpuart.o
LOAD build/stm32h7xx_ll_mdma.o
LOAD build/stm32h7xx_ll_opamp.o
LOAD build/stm32h7xx_ll_pwr.o
LOAD build/stm32h7xx_ll_rcc.o
LOAD build/stm32h7xx_ll_rng.o
LOAD build/stm32h7xx_ll_rtc.o
LOAD build/stm32h7xx_ll_sdmmc.o
LOAD build/stm32h7xx_ll_spi.o
LOAD build/stm32h7xx_ll_swpmi.o
LOAD build/stm32h7xx_ll_tim.o
LOAD build/stm32h7xx_ll_usart.o
LOAD build/stm32h7xx_ll_usb.o
LOAD build/stm32h7xx_ll_utils.o
LOAD build/main.o
LOAD build/stm32h7xx_hal_msp.o
LOAD build/stm32h7xx_it.o
LOAD build/startup_stm32h747xihx.o
LOAD /usr/lib/gcc/arm-none-eabi/9.2.1/../../../arm-none-eabi/lib/thumb/v7e-m+dp/hard/libc_nano.a
LOAD /usr/lib/gcc/arm-none-eabi/9.2.1/../../../arm-none-eabi/lib/thumb/v7e-m+dp/hard/libm.a
LOAD /usr/lib/gcc/arm-none-eabi/9.2.1/../../../arm-none-eabi/lib/thumb/v7e-m+dp/hard/libnosys.a
LOAD ./Libraries/CMSIS/DSP/Lib/GCC/libarm_cortexM7lfdp_math.a
START GROUP
LOAD /usr/lib/gcc/arm-none-eabi/9.2.1/thumb/v7e-m+dp/hard/libgcc.a
LOAD /usr/lib/gcc/arm-none-eabi/9.2.1/../../../arm-none-eabi/lib/thumb/v7e-m+dp/hard/libc_nano.a
END GROUP
START GROUP
LOAD /usr/lib/gcc/arm-none-eabi/9.2.1/thumb/v7e-m+dp/hard/libgcc.a
LOAD /usr/lib/gcc/arm-none-eabi/9.2.1/../../../arm-none-eabi/lib/thumb/v7e-m+dp/hard/libc_nano.a
END GROUP
LOAD /usr/lib/gcc/arm-none-eabi/9.2.1/thumb/v7e-m+dp/hard/crtend.o
LOAD /usr/lib/gcc/arm-none-eabi/9.2.1/thumb/v7e-m+dp/hard/crtn.o
                0x0000000024040000                _estack = (ORIGIN (RAM) + LENGTH (RAM))
                0x0000000000000200                _Min_Heap_Size = 0x200
                0x0000000000000400                _Min_Stack_Size = 0x400

.isr_vector     0x0000000008000000      0x298
                0x0000000008000000                . = ALIGN (0x4)
 *(.isr_vector)
 .isr_vector    0x0000000008000000      0x298 build/startup_stm32h747xihx.o
                0x0000000008000000                g_pfnVectors
                0x0000000008000298                . = ALIGN (0x4)

.text           0x00000000080002c0     0xb208
                0x00000000080002c0                . = ALIGN (0x4)
 *(.text)
 .text          0x00000000080002c0       0x88 /usr/lib/gcc/arm-none-eabi/9.2.1/thumb/v7e-m+dp/hard/crtbegin.o
 .text          0x0000000008000348       0x48 /usr/lib/gcc/arm-none-eabi/9.2.1/../../../arm-none-eabi/lib/thumb/v7e-m+dp/hard/libc_nano.a(lib_a-init.o)
                0x0000000008000348                __libc_init_array
 .text          0x0000000008000390      0x134 /usr/lib/gcc/arm-none-eabi/9.2.1/../../../arm-none-eabi/lib/thumb/v7e-m+dp/hard/libc_nano.a(lib_a-memcpy.o)
                0x0000000008000390                memcpy
 .text          0x00000000080004c4       0xd0 /usr/lib/gcc/arm-none-eabi/9.2.1/../../../arm-none-eabi/lib/thumb/v7e-m+dp/hard/libc_nano.a(lib_a-memmove.o)
                0x00000000080004c4                memmove
 .text          0x0000000008000594       0xa0 /usr/lib/gcc/arm-none-eabi/9.2.1/../../../arm-none-eabi/lib/thumb/v7e-m+dp/hard/libc_nano.a(lib_a-memset.o)
                0x0000000008000594                memset
 *fill*         0x0000000008000634        0x4 
 .text          0x0000000008000638      0x670 /usr/lib/gcc/arm-none-eabi/9.2.1/../../../arm-none-eabi/lib/thumb/v7e-m+dp/hard/libc_nano.a(lib_a-nano-vfprintf_float.o)
                0x0000000008000638                __cvt
                0x0000000008000728                __exponent
                0x00000000080007b4                _printf_float
 .text          0x0000000008000ca8      0x3c4 /usr/lib/gcc/arm-none-eabi/9.2.1/../../../arm-none-eabi/lib/thumb/v7e-m+dp/hard/libc_nano.a(lib_a-nano-vfprintf_i.o)
                0x0000000008000ca8                _printf_common
                0x0000000008000dd4                _printf_i
 *fill*         0x000000000800106c       0x14 
 .text          0x0000000008001080       0xdc /usr/lib/gcc/arm-none-eabi/9.2.1/../../../arm-none-eabi/lib/thumb/v7e-m+dp/hard/libc_nano.a(lib_a-strlen.o)
                0x0000000008001080                strlen
 *fill*         0x000000000800115c        0x4 
 .text          0x0000000008001160      0xe2c /usr/lib/gcc/arm-none-eabi/9.2.1/../../../arm-none-eabi/lib/thumb/v7e-m+dp/hard/libc_nano.a(lib_a-dtoa.o)
                0x0000000008001284                _dtoa_r
 .text          0x0000000008001f8c       0x14 /usr/lib/gcc/arm-none-eabi/9.2.1/../../../arm-none-eabi/lib/thumb/v7e-m+dp/hard/libc_nano.a(lib_a-localeconv.o)
                0x0000000008001f8c                __localeconv_l
                0x0000000008001f90                _localeconv_r
                0x0000000008001f98                localeconv
 .text          0x0000000008001fa0       0x20 /usr/lib/gcc/arm-none-eabi/9.2.1/../../../arm-none-eabi/lib/thumb/v7e-m+dp/hard/libc_nano.a(lib_a-malloc.o)
                0x0000000008001fa0                malloc
                0x0000000008001fb0                free
 .text          0x0000000008001fc0       0xa0 /usr/lib/gcc/arm-none-eabi/9.2.1/../../../arm-none-eabi/lib/thumb/v7e-m+dp/hard/libc_nano.a(lib_a-memchr.o)
                0x0000000008001fc0                memchr
 .text          0x0000000008002060      0xa24 /usr/lib/gcc/arm-none-eabi/9.2.1/../../../arm-none-eabi/lib/thumb/v7e-m+dp/hard/libc_nano.a(lib_a-mprec.o)
                0x0000000008002060                _Balloc
                0x00000000080020e0                _Bfree
                0x000000000800212c                __multadd
                0x00000000080021cc                __s2b
                0x0000000008002278                __hi0bits
                0x00000000080022b8                __lo0bits
                0x0000000008002318                __i2b
                0x0000000008002344                __multiply
                0x0000000008002490                __pow5mult
                0x0000000008002554                __lshift
                0x000000000800261c                __mcmp
                0x0000000008002654                __mdiff
                0x000000000800277c                __ulp
                0x00000000080027cc                __b2d
                0x0000000008002884                __d2b
                0x0000000008002958                __ratio
                0x00000000080029bc                _mprec_log10
                0x00000000080029e4                __copybits
                0x0000000008002a2c                __any_on
 .text          0x0000000008002a84       0x1c /usr/lib/gcc/arm-none-eabi/9.2.1/../../../arm-none-eabi/lib/thumb/v7e-m+dp/hard/libc_nano.a(lib_a-nano-callocr.o)
                0x0000000008002a84                _calloc_r
 .text          0x0000000008002aa0       0xac /usr/lib/gcc/arm-none-eabi/9.2.1/../../../arm-none-eabi/lib/thumb/v7e-m+dp/hard/libc_nano.a(lib_a-nano-freer.o)
                0x0000000008002aa0                _free_r
 .text          0x0000000008002b4c       0xc8 /usr/lib/gcc/arm-none-eabi/9.2.1/../../../arm-none-eabi/lib/thumb/v7e-m+dp/hard/libc_nano.a(lib_a-nano-mallocr.o)
                0x0000000008002b4c                _malloc_r
 .text          0x0000000008002c14       0x24 /usr/lib/gcc/arm-none-eabi/9.2.1/../../../arm-none-eabi/lib/thumb/v7e-m+dp/hard/libc_nano.a(lib_a-sbrkr.o)
                0x0000000008002c14                _sbrk_r
 .text          0x0000000008002c38       0x48 /usr/lib/gcc/arm-none-eabi/9.2.1/../../../arm-none-eabi/lib/thumb/v7e-m+dp/hard/libc_nano.a(lib_a-assert.o)
                0x0000000008002c38                __assert_func
                0x0000000008002c74                __assert
 .text          0x0000000008002c80       0x44 /usr/lib/gcc/arm-none-eabi/9.2.1/../../../arm-none-eabi/lib/thumb/v7e-m+dp/hard/libc_nano.a(lib_a-fprintf.o)
                0x0000000008002c80                _fprintf_r
                0x0000000008002c80                _fiprintf_r
                0x0000000008002c9c                fprintf
                0x0000000008002c9c                fiprintf
 .text          0x0000000008002cc4       0x40 /usr/lib/gcc/arm-none-eabi/9.2.1/../../../arm-none-eabi/lib/thumb/v7e-m+dp/hard/libc_nano.a(lib_a-mbtowc_r.o)
                0x0000000008002cc4                _mbtowc_r
                0x0000000008002cd8                __ascii_mbtowc
 .text          0x0000000008002d04        0x8 /usr/lib/gcc/arm-none-eabi/9.2.1/../../../arm-none-eabi/lib/thumb/v7e-m+dp/hard/libc_nano.a(lib_a-mlock.o)
                0x0000000008002d04                __malloc_lock
                0x0000000008002d08                __malloc_unlock
 .text          0x0000000008002d0c      0x364 /usr/lib/gcc/arm-none-eabi/9.2.1/../../../arm-none-eabi/lib/thumb/v7e-m+dp/hard/libc_nano.a(lib_a-nano-vfprintf.o)
                0x0000000008002d48                __sfputs_r
                0x0000000008002d78                __sprint_r
                0x0000000008002d94                _vfiprintf_r
                0x0000000008002d94                _vfprintf_r
                0x0000000008003058                vfiprintf
                0x0000000008003058                vfprintf
 .text          0x0000000008003070       0xc0 /usr/lib/gcc/arm-none-eabi/9.2.1/../../../arm-none-eabi/lib/thumb/v7e-m+dp/hard/libc_nano.a(lib_a-wbuf.o)
                0x0000000008003070                __swbuf_r
                0x0000000008003120                __swbuf
 .text          0x0000000008003130       0x30 /usr/lib/gcc/arm-none-eabi/9.2.1/../../../arm-none-eabi/lib/thumb/v7e-m+dp/hard/libc_nano.a(lib_a-wctomb_r.o)
                0x0000000008003130                _wctomb_r
                0x0000000008003144                __ascii_wctomb
 .text          0x0000000008003160      0x100 /usr/lib/gcc/arm-none-eabi/9.2.1/../../../arm-none-eabi/lib/thumb/v7e-m+dp/hard/libc_nano.a(lib_a-wsetup.o)
                0x0000000008003160                __swsetup_r
 .text          0x0000000008003260       0x10 /usr/lib/gcc/arm-none-eabi/9.2.1/../../../arm-none-eabi/lib/thumb/v7e-m+dp/hard/libc_nano.a(lib_a-abort.o)
                0x0000000008003260                abort
 .text          0x0000000008003270      0x1b0 /usr/lib/gcc/arm-none-eabi/9.2.1/../../../arm-none-eabi/lib/thumb/v7e-m+dp/hard/libc_nano.a(lib_a-fflush.o)
                0x0000000008003270                __sflush_r
                0x000000000800339c                _fflush_r
                0x00000000080033fc                fflush
 .text          0x0000000008003420      0x210 /usr/lib/gcc/arm-none-eabi/9.2.1/../../../arm-none-eabi/lib/thumb/v7e-m+dp/hard/libc_nano.a(lib_a-findfp.o)
                0x0000000008003424                _cleanup_r
                0x0000000008003434                __sfmoreglue
                0x0000000008003464                __sfp
                0x00000000080035dc                _cleanup
                0x00000000080035f0                __sinit
                0x00000000080035f8                __sfp_lock_acquire
                0x00000000080035fc                __sfp_lock_release
                0x0000000008003600                __sinit_lock_acquire
                0x0000000008003604                __sinit_lock_release
                0x0000000008003608                __fp_lock_all
                0x000000000800361c                __fp_unlock_all
 .text          0x0000000008003630      0x308 /usr/lib/gcc/arm-none-eabi/9.2.1/../../../arm-none-eabi/lib/thumb/v7e-m+dp/hard/libc_nano.a(lib_a-fvwrite.o)
                0x0000000008003630                __sfvwrite_r
 .text          0x0000000008003938       0xa0 /usr/lib/gcc/arm-none-eabi/9.2.1/../../../arm-none-eabi/lib/thumb/v7e-m+dp/hard/libc_nano.a(lib_a-fwalk.o)
                0x0000000008003938                _fwalk
                0x0000000008003984                _fwalk_reent
 .text          0x00000000080039d8       0xf0 /usr/lib/gcc/arm-none-eabi/9.2.1/../../../arm-none-eabi/lib/thumb/v7e-m+dp/hard/libc_nano.a(lib_a-makebuf.o)
                0x00000000080039d8                __swhatbuf_r
                0x0000000008003a34                __smakebuf_r
 .text          0x0000000008003ac8       0x4c /usr/lib/gcc/arm-none-eabi/9.2.1/../../../arm-none-eabi/lib/thumb/v7e-m+dp/hard/libc_nano.a(lib_a-nano-reallocr.o)
                0x0000000008003ac8                _realloc_r
 .text          0x0000000008003b14      0x150 /usr/lib/gcc/arm-none-eabi/9.2.1/../../../arm-none-eabi/lib/thumb/v7e-m+dp/hard/libc_nano.a(lib_a-signal.o)
                0x0000000008003b3c                _init_signal_r
                0x0000000008003b48                _signal_r
                0x0000000008003b7c                _raise_r
                0x0000000008003bd0                __sigtramp_r
                0x0000000008003c20                raise
                0x0000000008003c30                signal
                0x0000000008003c40                _init_signal
                0x0000000008003c54                __sigtramp
 .text          0x0000000008003c64       0x2c /usr/lib/gcc/arm-none-eabi/9.2.1/../../../arm-none-eabi/lib/thumb/v7e-m+dp/hard/libc_nano.a(lib_a-signalr.o)
                0x0000000008003c64                _kill_r
                0x0000000008003c8c                _getpid_r
 .text          0x0000000008003c90       0x90 /usr/lib/gcc/arm-none-eabi/9.2.1/../../../arm-none-eabi/lib/thumb/v7e-m+dp/hard/libc_nano.a(lib_a-stdio.o)
                0x0000000008003c90                __sread
                0x0000000008003cb4                __seofread
                0x0000000008003cb8                __swrite
                0x0000000008003cf8                __sseek
                0x0000000008003d18                __sclose
 .text          0x0000000008003d20       0x2c /usr/lib/gcc/arm-none-eabi/9.2.1/../../../arm-none-eabi/lib/thumb/v7e-m+dp/hard/libc_nano.a(lib_a-writer.o)
                0x0000000008003d20                _write_r
 .text          0x0000000008003d4c       0x24 /usr/lib/gcc/arm-none-eabi/9.2.1/../../../arm-none-eabi/lib/thumb/v7e-m+dp/hard/libc_nano.a(lib_a-closer.o)
                0x0000000008003d4c                _close_r
 .text          0x0000000008003d70       0x28 /usr/lib/gcc/arm-none-eabi/9.2.1/../../../arm-none-eabi/lib/thumb/v7e-m+dp/hard/libc_nano.a(lib_a-fstatr.o)
                0x0000000008003d70                _fstat_r
 .text          0x0000000008003d98       0x24 /usr/lib/gcc/arm-none-eabi/9.2.1/../../../arm-none-eabi/lib/thumb/v7e-m+dp/hard/libc_nano.a(lib_a-isattyr.o)
                0x0000000008003d98                _isatty_r
 .text          0x0000000008003dbc       0x2c /usr/lib/gcc/arm-none-eabi/9.2.1/../../../arm-none-eabi/lib/thumb/v7e-m+dp/hard/libc_nano.a(lib_a-lseekr.o)
                0x0000000008003dbc                _lseek_r
 .text          0x0000000008003de8       0x10 /usr/lib/gcc/arm-none-eabi/9.2.1/../../../arm-none-eabi/lib/thumb/v7e-m+dp/hard/libc_nano.a(lib_a-nano-msizer.o)
                0x0000000008003de8                _malloc_usable_size_r
 .text          0x0000000008003df8       0x2c /usr/lib/gcc/arm-none-eabi/9.2.1/../../../arm-none-eabi/lib/thumb/v7e-m+dp/hard/libc_nano.a(lib_a-readr.o)
                0x0000000008003df8                _read_r
 .text          0x0000000008003e24       0x10 /usr/lib/gcc/arm-none-eabi/9.2.1/../../../arm-none-eabi/lib/thumb/v7e-m+dp/hard/libnosys.a(close.o)
                0x0000000008003e24                _close
 .text          0x0000000008003e34       0x10 /usr/lib/gcc/arm-none-eabi/9.2.1/../../../arm-none-eabi/lib/thumb/v7e-m+dp/hard/libnosys.a(fstat.o)
                0x0000000008003e34                _fstat
 .text          0x0000000008003e44       0x10 /usr/lib/gcc/arm-none-eabi/9.2.1/../../../arm-none-eabi/lib/thumb/v7e-m+dp/hard/libnosys.a(getpid.o)
                0x0000000008003e44                _getpid
 .text          0x0000000008003e54       0x10 /usr/lib/gcc/arm-none-eabi/9.2.1/../../../arm-none-eabi/lib/thumb/v7e-m+dp/hard/libnosys.a(isatty.o)
                0x0000000008003e54                _isatty
 .text          0x0000000008003e64       0x10 /usr/lib/gcc/arm-none-eabi/9.2.1/../../../arm-none-eabi/lib/thumb/v7e-m+dp/hard/libnosys.a(kill.o)
                0x0000000008003e64                _kill
 .text          0x0000000008003e74       0x10 /usr/lib/gcc/arm-none-eabi/9.2.1/../../../arm-none-eabi/lib/thumb/v7e-m+dp/hard/libnosys.a(lseek.o)
                0x0000000008003e74                _lseek
 .text          0x0000000008003e84       0x10 /usr/lib/gcc/arm-none-eabi/9.2.1/../../../arm-none-eabi/lib/thumb/v7e-m+dp/hard/libnosys.a(read.o)
                0x0000000008003e84                _read
 .text          0x0000000008003e94       0x1c /usr/lib/gcc/arm-none-eabi/9.2.1/../../../arm-none-eabi/lib/thumb/v7e-m+dp/hard/libnosys.a(sbrk.o)
                0x0000000008003e94                _sbrk
 .text          0x0000000008003eb0       0x10 /usr/lib/gcc/arm-none-eabi/9.2.1/../../../arm-none-eabi/lib/thumb/v7e-m+dp/hard/libnosys.a(write.o)
                0x0000000008003eb0                _write
 .text          0x0000000008003ec0        0x4 /usr/lib/gcc/arm-none-eabi/9.2.1/../../../arm-none-eabi/lib/thumb/v7e-m+dp/hard/libnosys.a(_exit.o)
                0x0000000008003ec0                _exit
 *(.text*)
 .text.IS42S32800J_Init
                0x0000000008003ec4       0x7e build/is42s32800j.o
                0x0000000008003ec4                IS42S32800J_Init
 *fill*         0x0000000008003f42        0x2 
 .text.IS42S32800J_ClockEnable
                0x0000000008003f44       0x48 build/is42s32800j.o
                0x0000000008003f44                IS42S32800J_ClockEnable
 .text.IS42S32800J_Precharge
                0x0000000008003f8c       0x48 build/is42s32800j.o
                0x0000000008003f8c                IS42S32800J_Precharge
 .text.IS42S32800J_ModeRegConfig
                0x0000000008003fd4       0x68 build/is42s32800j.o
                0x0000000008003fd4                IS42S32800J_ModeRegConfig
 .text.IS42S32800J_RefreshMode
                0x000000000800403c       0x4c build/is42s32800j.o
                0x000000000800403c                IS42S32800J_RefreshMode
 .text.IS42S32800J_RefreshRate
                0x0000000008004088       0x28 build/is42s32800j.o
                0x0000000008004088                IS42S32800J_RefreshRate
 .text.IS42S32800J_Delay
                0x00000000080040b0       0x2a build/is42s32800j.o
 *fill*         0x00000000080040da        0x2 
 .text.OTM8009A_RegisterBusIO
                0x00000000080040dc       0x5c build/otm8009a.o
                0x00000000080040dc                OTM8009A_RegisterBusIO
 .text.OTM8009A_Init
                0x0000000008004138      0xb94 build/otm8009a.o
                0x0000000008004138                OTM8009A_Init
 .text.OTM8009A_ReadRegWrap
                0x0000000008004ccc       0x32 build/otm8009a.o
 .text.OTM8009A_WriteRegWrap
                0x0000000008004cfe       0x32 build/otm8009a.o
 .text.OTM8009A_IO_Delay
                0x0000000008004d30       0x34 build/otm8009a.o
 .text.otm8009a_write_reg
                0x0000000008004d64       0x2e build/otm8009a_reg.o
                0x0000000008004d64                otm8009a_write_reg
 *fill*         0x0000000008004d92        0x2 
 .text.BSP_LED_Init
                0x0000000008004d94       0x88 build/stm32h747i_discovery.o
                0x0000000008004d94                BSP_LED_Init
 .text.BSP_LED_On
                0x0000000008004e1c       0x3c build/stm32h747i_discovery.o
                0x0000000008004e1c                BSP_LED_On
 .text.BSP_GetTick
                0x0000000008004e58        0xe build/stm32h747i_discovery_bus.o
                0x0000000008004e58                BSP_GetTick
 *fill*         0x0000000008004e66        0x2 
 .text.BSP_LCD_Reset
                0x0000000008004e68       0x74 build/stm32h747i_discovery_lcd.o
                0x0000000008004e68                BSP_LCD_Reset
 .text.BSP_LCD_SetActiveLayer
                0x0000000008004edc       0x44 build/stm32h747i_discovery_lcd.o
                0x0000000008004edc                BSP_LCD_SetActiveLayer
 .text.BSP_LCD_GetPixelFormat
                0x0000000008004f20       0x44 build/stm32h747i_discovery_lcd.o
                0x0000000008004f20                BSP_LCD_GetPixelFormat
 .text.BSP_LCD_DrawBitmap
                0x0000000008004f64      0x1a4 build/stm32h747i_discovery_lcd.o
                0x0000000008004f64                BSP_LCD_DrawBitmap
 .text.BSP_LCD_FillRGBRect
                0x0000000008005108       0x98 build/stm32h747i_discovery_lcd.o
                0x0000000008005108                BSP_LCD_FillRGBRect
 .text.BSP_LCD_DrawHLine
                0x00000000080051a0       0xb8 build/stm32h747i_discovery_lcd.o
                0x00000000080051a0                BSP_LCD_DrawHLine
 .text.BSP_LCD_DrawVLine
                0x0000000008005258       0xcc build/stm32h747i_discovery_lcd.o
                0x0000000008005258                BSP_LCD_DrawVLine
 .text.BSP_LCD_FillRect
                0x0000000008005324       0x9c build/stm32h747i_discovery_lcd.o
                0x0000000008005324                BSP_LCD_FillRect
 .text.BSP_LCD_ReadPixel
                0x00000000080053c0       0xd8 build/stm32h747i_discovery_lcd.o
                0x00000000080053c0                BSP_LCD_ReadPixel
 .text.BSP_LCD_WritePixel
                0x0000000008005498       0xd4 build/stm32h747i_discovery_lcd.o
                0x0000000008005498                BSP_LCD_WritePixel
 .text.LL_FillBuffer
                0x000000000800556c       0xe8 build/stm32h747i_discovery_lcd.o
 .text.LL_ConvertLineToRGB
                0x0000000008005654       0xb0 build/stm32h747i_discovery_lcd.o
 .text.BSP_SDRAM_Init
                0x0000000008005704       0x90 build/stm32h747i_discovery_sdram.o
                0x0000000008005704                BSP_SDRAM_Init
 .text.MX_SDRAM_Init
                0x0000000008005794       0x94 build/stm32h747i_discovery_sdram.o
                0x0000000008005794                MX_SDRAM_Init
 .text.SDRAM_MspInit
                0x0000000008005828      0x22c build/stm32h747i_discovery_sdram.o
 .text.UTIL_LCD_SetFuncDriver
                0x0000000008005a54       0xac build/stm32_lcd.o
                0x0000000008005a54                UTIL_LCD_SetFuncDriver
 .text.UTIL_LCD_SetTextColor
                0x0000000008005b00       0x28 build/stm32_lcd.o
                0x0000000008005b00                UTIL_LCD_SetTextColor
 .text.UTIL_LCD_SetBackColor
                0x0000000008005b28       0x28 build/stm32_lcd.o
                0x0000000008005b28                UTIL_LCD_SetBackColor
 .text.UTIL_LCD_SetFont
                0x0000000008005b50       0x28 build/stm32_lcd.o
                0x0000000008005b50                UTIL_LCD_SetFont
 .text.UTIL_LCD_GetFont
                0x0000000008005b78       0x20 build/stm32_lcd.o
                0x0000000008005b78                UTIL_LCD_GetFont
 .text.UTIL_LCD_FillRGBRect
                0x0000000008005b98       0x38 build/stm32_lcd.o
                0x0000000008005b98                UTIL_LCD_FillRGBRect
 .text.UTIL_LCD_DisplayChar
                0x0000000008005bd0       0x6c build/stm32_lcd.o
                0x0000000008005bd0                UTIL_LCD_DisplayChar
 .text.UTIL_LCD_DisplayStringAt
                0x0000000008005c3c      0x15c build/stm32_lcd.o
                0x0000000008005c3c                UTIL_LCD_DisplayStringAt
 .text.UTIL_LCD_DisplayStringAtLine
                0x0000000008005d98       0x2c build/stm32_lcd.o
                0x0000000008005d98                UTIL_LCD_DisplayStringAtLine
 .text.UTIL_LCD_FillRect
                0x0000000008005dc4       0x74 build/stm32_lcd.o
                0x0000000008005dc4                UTIL_LCD_FillRect
 .text.DrawChar
                0x0000000008005e38      0x2bc build/stm32_lcd.o
 .text.SystemInit
                0x00000000080060f4      0x134 build/system_stm32h7xx_dualcore_boot_cm4_cm7.o
                0x00000000080060f4                SystemInit
 .text.HAL_Init
                0x0000000008006228       0x78 build/stm32h7xx_hal.o
                0x0000000008006228                HAL_Init
 .text.HAL_MspInit
                0x00000000080062a0        0xe build/stm32h7xx_hal.o
                0x00000000080062a0                HAL_MspInit
 *fill*         0x00000000080062ae        0x2 
 .text.HAL_InitTick
                0x00000000080062b0       0x6c build/stm32h7xx_hal.o
                0x00000000080062b0                HAL_InitTick
 .text.HAL_IncTick
                0x000000000800631c       0x28 build/stm32h7xx_hal.o
                0x000000000800631c                HAL_IncTick
 .text.HAL_GetTick
                0x0000000008006344       0x18 build/stm32h7xx_hal.o
                0x0000000008006344                HAL_GetTick
 .text.HAL_Delay
                0x000000000800635c       0x48 build/stm32h7xx_hal.o
                0x000000000800635c                HAL_Delay
 .text.HAL_GetREVID
                0x00000000080063a4       0x18 build/stm32h7xx_hal.o
                0x00000000080063a4                HAL_GetREVID
 .text.HAL_EnableCompensationCell
                0x00000000080063bc       0x20 build/stm32h7xx_hal.o
                0x00000000080063bc                HAL_EnableCompensationCell
 .text.__NVIC_SetPriorityGrouping
                0x00000000080063dc       0x48 build/stm32h7xx_hal_cortex.o
 .text.__NVIC_GetPriorityGrouping
                0x0000000008006424       0x1c build/stm32h7xx_hal_cortex.o
 .text.__NVIC_EnableIRQ
                0x0000000008006440       0x3c build/stm32h7xx_hal_cortex.o
 .text.__NVIC_SetPriority
                0x000000000800647c       0x54 build/stm32h7xx_hal_cortex.o
 .text.NVIC_EncodePriority
                0x00000000080064d0       0x66 build/stm32h7xx_hal_cortex.o
 *fill*         0x0000000008006536        0x2 
 .text.SysTick_Config
                0x0000000008006538       0x44 build/stm32h7xx_hal_cortex.o
 .text.HAL_NVIC_SetPriorityGrouping
                0x000000000800657c       0x16 build/stm32h7xx_hal_cortex.o
                0x000000000800657c                HAL_NVIC_SetPriorityGrouping
 .text.HAL_NVIC_SetPriority
                0x0000000008006592       0x34 build/stm32h7xx_hal_cortex.o
                0x0000000008006592                HAL_NVIC_SetPriority
 .text.HAL_NVIC_EnableIRQ
                0x00000000080065c6       0x1c build/stm32h7xx_hal_cortex.o
                0x00000000080065c6                HAL_NVIC_EnableIRQ
 .text.HAL_SYSTICK_Config
                0x00000000080065e2       0x18 build/stm32h7xx_hal_cortex.o
                0x00000000080065e2                HAL_SYSTICK_Config
 *fill*         0x00000000080065fa        0x2 
 .text.HAL_MPU_Disable
                0x00000000080065fc       0x30 build/stm32h7xx_hal_cortex.o
                0x00000000080065fc                HAL_MPU_Disable
 .text.HAL_MPU_Enable
                0x000000000800662c       0x40 build/stm32h7xx_hal_cortex.o
                0x000000000800662c                HAL_MPU_Enable
 .text.HAL_MPU_ConfigRegion
                0x000000000800666c       0x88 build/stm32h7xx_hal_cortex.o
                0x000000000800666c                HAL_MPU_ConfigRegion
 .text.HAL_DMA2D_Init
                0x00000000080066f4       0xc8 build/stm32h7xx_hal_dma2d.o
                0x00000000080066f4                HAL_DMA2D_Init
 .text.HAL_DMA2D_MspInit
                0x00000000080067bc       0x14 build/stm32h7xx_hal_dma2d.o
                0x00000000080067bc                HAL_DMA2D_MspInit
 .text.HAL_DMA2D_Start
                0x00000000080067d0       0x56 build/stm32h7xx_hal_dma2d.o
                0x00000000080067d0                HAL_DMA2D_Start
 .text.HAL_DMA2D_PollForTransfer
                0x0000000008006826      0x1d2 build/stm32h7xx_hal_dma2d.o
                0x0000000008006826                HAL_DMA2D_PollForTransfer
 .text.HAL_DMA2D_ConfigLayer
                0x00000000080069f8      0x168 build/stm32h7xx_hal_dma2d.o
                0x00000000080069f8                HAL_DMA2D_ConfigLayer
 .text.DMA2D_SetConfig
                0x0000000008006b60      0x14c build/stm32h7xx_hal_dma2d.o
 .text.DSI_ConfigPacketHeader
                0x0000000008006cac       0x32 build/stm32h7xx_hal_dsi.o
 .text.DSI_ShortWrite
                0x0000000008006cde       0x5e build/stm32h7xx_hal_dsi.o
 .text.HAL_DSI_Init
                0x0000000008006d3c      0x234 build/stm32h7xx_hal_dsi.o
                0x0000000008006d3c                HAL_DSI_Init
 .text.HAL_DSI_DeInit
                0x0000000008006f70       0xe8 build/stm32h7xx_hal_dsi.o
                0x0000000008006f70                HAL_DSI_DeInit
 .text.HAL_DSI_MspInit
                0x0000000008007058       0x14 build/stm32h7xx_hal_dsi.o
                0x0000000008007058                HAL_DSI_MspInit
 .text.HAL_DSI_MspDeInit
                0x000000000800706c       0x14 build/stm32h7xx_hal_dsi.o
                0x000000000800706c                HAL_DSI_MspDeInit
 .text.HAL_DSI_IRQHandler
                0x0000000008007080      0x192 build/stm32h7xx_hal_dsi.o
                0x0000000008007080                HAL_DSI_IRQHandler
 .text.HAL_DSI_TearingEffectCallback
                0x0000000008007212       0x14 build/stm32h7xx_hal_dsi.o
                0x0000000008007212                HAL_DSI_TearingEffectCallback
 .text.HAL_DSI_ErrorCallback
                0x0000000008007226       0x14 build/stm32h7xx_hal_dsi.o
                0x0000000008007226                HAL_DSI_ErrorCallback
 *fill*         0x000000000800723a        0x2 
 .text.HAL_DSI_ConfigAdaptedCommandMode
                0x000000000800723c      0x1b4 build/stm32h7xx_hal_dsi.o
                0x000000000800723c                HAL_DSI_ConfigAdaptedCommandMode
 .text.HAL_DSI_ConfigCommand
                0x00000000080073f0       0xbc build/stm32h7xx_hal_dsi.o
                0x00000000080073f0                HAL_DSI_ConfigCommand
 .text.HAL_DSI_ConfigFlowControl
                0x00000000080074ac       0x50 build/stm32h7xx_hal_dsi.o
                0x00000000080074ac                HAL_DSI_ConfigFlowControl
 .text.HAL_DSI_ConfigPhyTimer
                0x00000000080074fc       0xd4 build/stm32h7xx_hal_dsi.o
                0x00000000080074fc                HAL_DSI_ConfigPhyTimer
 .text.HAL_DSI_Start
                0x00000000080075d0       0x78 build/stm32h7xx_hal_dsi.o
                0x00000000080075d0                HAL_DSI_Start
 .text.HAL_DSI_Refresh
                0x0000000008007648       0x42 build/stm32h7xx_hal_dsi.o
                0x0000000008007648                HAL_DSI_Refresh
 .text.HAL_DSI_ShortWrite
                0x000000000800768a       0x44 build/stm32h7xx_hal_dsi.o
                0x000000000800768a                HAL_DSI_ShortWrite
 .text.HAL_DSI_LongWrite
                0x00000000080076ce      0x130 build/stm32h7xx_hal_dsi.o
                0x00000000080076ce                HAL_DSI_LongWrite
 .text.HAL_DSI_Read
                0x00000000080077fe      0x160 build/stm32h7xx_hal_dsi.o
                0x00000000080077fe                HAL_DSI_Read
 .text.HAL_DSI_ForceRXLowPower
                0x000000000800795e       0x5c build/stm32h7xx_hal_dsi.o
                0x000000000800795e                HAL_DSI_ForceRXLowPower
 *fill*         0x00000000080079ba        0x2 
 .text.HAL_GPIO_Init
                0x00000000080079bc      0x360 build/stm32h7xx_hal_gpio.o
                0x00000000080079bc                HAL_GPIO_Init
 .text.HAL_GPIO_WritePin
                0x0000000008007d1c       0x32 build/stm32h7xx_hal_gpio.o
                0x0000000008007d1c                HAL_GPIO_WritePin
 *fill*         0x0000000008007d4e        0x2 
 .text.HAL_LTDC_Init
                0x0000000008007d50      0x1a0 build/stm32h7xx_hal_ltdc.o
                0x0000000008007d50                HAL_LTDC_Init
 .text.HAL_LTDC_DeInit
                0x0000000008007ef0       0x30 build/stm32h7xx_hal_ltdc.o
                0x0000000008007ef0                HAL_LTDC_DeInit
 .text.HAL_LTDC_MspInit
                0x0000000008007f20       0x14 build/stm32h7xx_hal_ltdc.o
                0x0000000008007f20                HAL_LTDC_MspInit
 .text.HAL_LTDC_MspDeInit
                0x0000000008007f34       0x14 build/stm32h7xx_hal_ltdc.o
                0x0000000008007f34                HAL_LTDC_MspDeInit
 .text.HAL_LTDC_ConfigLayer
                0x0000000008007f48       0x7c build/stm32h7xx_hal_ltdc.o
                0x0000000008007f48                HAL_LTDC_ConfigLayer
 .text.LTDC_SetConfig
                0x0000000008007fc4      0x334 build/stm32h7xx_hal_ltdc.o
 .text.HAL_MDMA_Init
                0x00000000080082f8       0x98 build/stm32h7xx_hal_mdma.o
                0x00000000080082f8                HAL_MDMA_Init
 .text.HAL_MDMA_DeInit
                0x0000000008008390       0xb0 build/stm32h7xx_hal_mdma.o
                0x0000000008008390                HAL_MDMA_DeInit
 .text.MDMA_Init
                0x0000000008008440      0x130 build/stm32h7xx_hal_mdma.o
 .text.HAL_PWREx_ConfigSupply
                0x0000000008008570       0xb4 build/stm32h7xx_hal_pwr_ex.o
                0x0000000008008570                HAL_PWREx_ConfigSupply
 .text.HAL_RCC_OscConfig
                0x0000000008008624      0x820 build/stm32h7xx_hal_rcc.o
                0x0000000008008624                HAL_RCC_OscConfig
 .text.HAL_RCC_ClockConfig
                0x0000000008008e44      0x36c build/stm32h7xx_hal_rcc.o
                0x0000000008008e44                HAL_RCC_ClockConfig
 .text.HAL_RCC_GetSysClockFreq
                0x00000000080091b0      0x2f4 build/stm32h7xx_hal_rcc.o
                0x00000000080091b0                HAL_RCC_GetSysClockFreq
 .text.HAL_RCCEx_PeriphCLKConfig
                0x00000000080094a4      0xee0 build/stm32h7xx_hal_rcc_ex.o
                0x00000000080094a4                HAL_RCCEx_PeriphCLKConfig
 .text.RCCEx_PLL2_Config
                0x000000000800a384      0x164 build/stm32h7xx_hal_rcc_ex.o
 .text.RCCEx_PLL3_Config
                0x000000000800a4e8      0x164 build/stm32h7xx_hal_rcc_ex.o
 .text.HAL_SDRAM_Init
                0x000000000800a64c       0x78 build/stm32h7xx_hal_sdram.o
                0x000000000800a64c                HAL_SDRAM_Init
 .text.HAL_SDRAM_MspInit
                0x000000000800a6c4       0x14 build/stm32h7xx_hal_sdram.o
                0x000000000800a6c4                HAL_SDRAM_MspInit
 .text.HAL_SDRAM_SendCommand
                0x000000000800a6d8       0x6a build/stm32h7xx_hal_sdram.o
                0x000000000800a6d8                HAL_SDRAM_SendCommand
 .text.HAL_SDRAM_ProgramRefreshRate
                0x000000000800a742       0x50 build/stm32h7xx_hal_sdram.o
                0x000000000800a742                HAL_SDRAM_ProgramRefreshRate
 *fill*         0x000000000800a792        0x2 
 .text.FMC_SDRAM_Init
                0x000000000800a794       0xb8 build/stm32h7xx_ll_fmc.o
                0x000000000800a794                FMC_SDRAM_Init
 .text.FMC_SDRAM_Timing_Init
                0x000000000800a84c       0xd4 build/stm32h7xx_ll_fmc.o
                0x000000000800a84c                FMC_SDRAM_Timing_Init
 .text.FMC_SDRAM_SendCommand
                0x000000000800a920       0x48 build/stm32h7xx_ll_fmc.o
                0x000000000800a920                FMC_SDRAM_SendCommand
 .text.FMC_SDRAM_ProgramRefreshRate
                0x000000000800a968       0x30 build/stm32h7xx_ll_fmc.o
                0x000000000800a968                FMC_SDRAM_ProgramRefreshRate
 .text.main     0x000000000800a998      0x154 build/main.o
                0x000000000800a998                main
 .text.LCD_GetXSize
                0x000000000800aaec       0x24 build/main.o
                0x000000000800aaec                LCD_GetXSize
 .text.LCD_GetYSize
                0x000000000800ab10       0x24 build/main.o
                0x000000000800ab10                LCD_GetYSize
 .text.HAL_DSI_EndOfRefreshCallback
                0x000000000800ab34       0x28 build/main.o
                0x000000000800ab34                HAL_DSI_EndOfRefreshCallback
 .text.LCD_Init
                0x000000000800ab5c      0x218 build/main.o
 .text.LTDC_Init
                0x000000000800ad74       0x8c build/main.o
                0x000000000800ad74                LTDC_Init
 .text.LCD_LayertInit
                0x000000000800ae00       0x78 build/main.o
 .text.DSI_IO_Write
                0x000000000800ae78       0x78 build/main.o
 .text.DSI_IO_Read
                0x000000000800aef0       0x50 build/main.o
 .text.LCD_MspInit
                0x000000000800af40       0xf4 build/main.o
                0x000000000800af40                LCD_MspInit
 .text.LCD_BriefDisplay
                0x000000000800b034       0x84 build/main.o
 .text.CopyBuffer
                0x000000000800b0b8       0xd0 build/main.o
 .text.SystemClock_Config
                0x000000000800b188      0x12c build/main.o
 .text.CPU_CACHE_Enable
                0x000000000800b2b4       0xdc build/main.o
 .text.MPU_Config
                0x000000000800b390       0x4e build/main.o
 .text.Error_Handler
                0x000000000800b3de        0xc build/main.o
 .text.NMI_Handler
                0x000000000800b3ea        0xe build/stm32h7xx_it.o
                0x000000000800b3ea                NMI_Handler
 .text.HardFault_Handler
                0x000000000800b3f8        0x6 build/stm32h7xx_it.o
                0x000000000800b3f8                HardFault_Handler
 .text.MemManage_Handler
                0x000000000800b3fe        0x6 build/stm32h7xx_it.o
                0x000000000800b3fe                MemManage_Handler
 .text.BusFault_Handler
                0x000000000800b404        0x6 build/stm32h7xx_it.o
                0x000000000800b404                BusFault_Handler
 .text.UsageFault_Handler
                0x000000000800b40a        0x6 build/stm32h7xx_it.o
                0x000000000800b40a                UsageFault_Handler
 .text.SVC_Handler
                0x000000000800b410        0xe build/stm32h7xx_it.o
                0x000000000800b410                SVC_Handler
 .text.DebugMon_Handler
                0x000000000800b41e        0xe build/stm32h7xx_it.o
                0x000000000800b41e                DebugMon_Handler
 .text.PendSV_Handler
                0x000000000800b42c        0xe build/stm32h7xx_it.o
                0x000000000800b42c                PendSV_Handler
 .text.SysTick_Handler
                0x000000000800b43a        0xc build/stm32h7xx_it.o
                0x000000000800b43a                SysTick_Handler
 *fill*         0x000000000800b446        0x2 
 .text.DSI_IRQHandler
                0x000000000800b448       0x14 build/stm32h7xx_it.o
                0x000000000800b448                DSI_IRQHandler
 .text.Reset_Handler
                0x000000000800b45c       0x50 build/startup_stm32h747xihx.o
                0x000000000800b45c                Reset_Handler
 .text.Default_Handler
                0x000000000800b4ac        0x2 build/startup_stm32h747xihx.o
                0x000000000800b4ac                RTC_Alarm_IRQHandler
                0x000000000800b4ac                EXTI2_IRQHandler
                0x000000000800b4ac                TIM8_CC_IRQHandler
                0x000000000800b4ac                HRTIM1_Master_IRQHandler
                0x000000000800b4ac                UART8_IRQHandler
                0x000000000800b4ac                SPI4_IRQHandler
                0x000000000800b4ac                TIM1_CC_IRQHandler
                0x000000000800b4ac                BDMA_Channel6_IRQHandler
                0x000000000800b4ac                DMA2_Stream5_IRQHandler
                0x000000000800b4ac                HRTIM1_FLT_IRQHandler
                0x000000000800b4ac                JPEG_IRQHandler
                0x000000000800b4ac                DMA1_Stream5_IRQHandler
                0x000000000800b4ac                BDMA_Channel1_IRQHandler
                0x000000000800b4ac                HRTIM1_TIMD_IRQHandler
                0x000000000800b4ac                TAMP_STAMP_IRQHandler
                0x000000000800b4ac                EXTI3_IRQHandler
                0x000000000800b4ac                LPTIM4_IRQHandler
                0x000000000800b4ac                TIM8_TRG_COM_TIM14_IRQHandler
                0x000000000800b4ac                LPTIM2_IRQHandler
                0x000000000800b4ac                DFSDM1_FLT1_IRQHandler
                0x000000000800b4ac                DMAMUX2_OVR_IRQHandler
                0x000000000800b4ac                TIM8_UP_TIM13_IRQHandler
                0x000000000800b4ac                I2C3_ER_IRQHandler
                0x000000000800b4ac                DFSDM1_FLT2_IRQHandler
                0x000000000800b4ac                MDMA_IRQHandler
                0x000000000800b4ac                LPTIM3_IRQHandler
                0x000000000800b4ac                HSEM1_IRQHandler
                0x000000000800b4ac                EXTI0_IRQHandler
                0x000000000800b4ac                I2C2_EV_IRQHandler
                0x000000000800b4ac                DMA1_Stream2_IRQHandler
                0x000000000800b4ac                FPU_IRQHandler
                0x000000000800b4ac                OTG_HS_WKUP_IRQHandler
                0x000000000800b4ac                FDCAN1_IT1_IRQHandler
                0x000000000800b4ac                LTDC_ER_IRQHandler
                0x000000000800b4ac                DMA2_Stream2_IRQHandler
                0x000000000800b4ac                HRTIM1_TIME_IRQHandler
                0x000000000800b4ac                SPI1_IRQHandler
                0x000000000800b4ac                TIM6_DAC_IRQHandler
                0x000000000800b4ac                DCMI_IRQHandler
                0x000000000800b4ac                HRTIM1_TIMC_IRQHandler
                0x000000000800b4ac                DMA2_Stream3_IRQHandler
                0x000000000800b4ac                SAI2_IRQHandler
                0x000000000800b4ac                DFSDM1_FLT3_IRQHandler
                0x000000000800b4ac                USART6_IRQHandler
                0x000000000800b4ac                TIM17_IRQHandler
                0x000000000800b4ac                USART3_IRQHandler
                0x000000000800b4ac                BDMA_Channel7_IRQHandler
                0x000000000800b4ac                LPTIM5_IRQHandler
                0x000000000800b4ac                UART5_IRQHandler
                0x000000000800b4ac                ADC3_IRQHandler
                0x000000000800b4ac                DMA2_Stream0_IRQHandler
                0x000000000800b4ac                TIM4_IRQHandler
                0x000000000800b4ac                BDMA_Channel2_IRQHandler
                0x000000000800b4ac                QUADSPI_IRQHandler
                0x000000000800b4ac                I2C1_EV_IRQHandler
                0x000000000800b4ac                DMA1_Stream6_IRQHandler
                0x000000000800b4ac                DMAMUX1_OVR_IRQHandler
                0x000000000800b4ac                DMA1_Stream1_IRQHandler
                0x000000000800b4ac                TIM16_IRQHandler
                0x000000000800b4ac                UART4_IRQHandler
                0x000000000800b4ac                BDMA_Channel5_IRQHandler
                0x000000000800b4ac                TIM3_IRQHandler
                0x000000000800b4ac                RCC_IRQHandler
                0x000000000800b4ac                TIM8_BRK_TIM12_IRQHandler
                0x000000000800b4ac                TIM1_TRG_COM_IRQHandler
                0x000000000800b4ac                Default_Handler
                0x000000000800b4ac                ECC_IRQHandler
                0x000000000800b4ac                CEC_IRQHandler
                0x000000000800b4ac                EXTI15_10_IRQHandler
                0x000000000800b4ac                BDMA_Channel0_IRQHandler
                0x000000000800b4ac                ADC_IRQHandler
                0x000000000800b4ac                DMA1_Stream7_IRQHandler
                0x000000000800b4ac                HRTIM1_TIMA_IRQHandler
                0x000000000800b4ac                SPI5_IRQHandler
                0x000000000800b4ac                TIM7_IRQHandler
                0x000000000800b4ac                SDMMC1_IRQHandler
                0x000000000800b4ac                TIM5_IRQHandler
                0x000000000800b4ac                DMA2_Stream7_IRQHandler
                0x000000000800b4ac                TIM15_IRQHandler
                0x000000000800b4ac                PVD_AVD_IRQHandler
                0x000000000800b4ac                I2C3_EV_IRQHandler
                0x000000000800b4ac                EXTI9_5_IRQHandler
                0x000000000800b4ac                RTC_WKUP_IRQHandler
                0x000000000800b4ac                LTDC_IRQHandler
                0x000000000800b4ac                SAI3_IRQHandler
                0x000000000800b4ac                ETH_WKUP_IRQHandler
                0x000000000800b4ac                SPDIF_RX_IRQHandler
                0x000000000800b4ac                SPI2_IRQHandler
                0x000000000800b4ac                OTG_HS_EP1_IN_IRQHandler
                0x000000000800b4ac                DMA1_Stream0_IRQHandler
                0x000000000800b4ac                CRS_IRQHandler
                0x000000000800b4ac                CM7_SEV_IRQHandler
                0x000000000800b4ac                EXTI4_IRQHandler
                0x000000000800b4ac                RNG_IRQHandler
                0x000000000800b4ac                CM4_SEV_IRQHandler
                0x000000000800b4ac                HRTIM1_TIMB_IRQHandler
                0x000000000800b4ac                FDCAN2_IT1_IRQHandler
                0x000000000800b4ac                ETH_IRQHandler
                0x000000000800b4ac                TIM1_UP_IRQHandler
                0x000000000800b4ac                WWDG_RST_IRQHandler
                0x000000000800b4ac                BDMA_Channel4_IRQHandler
                0x000000000800b4ac                OTG_HS_EP1_OUT_IRQHandler
                0x000000000800b4ac                WWDG_IRQHandler
                0x000000000800b4ac                SPI6_IRQHandler
                0x000000000800b4ac                MDIOS_IRQHandler
                0x000000000800b4ac                I2C4_EV_IRQHandler
                0x000000000800b4ac                FDCAN2_IT0_IRQHandler
                0x000000000800b4ac                LPUART1_IRQHandler
                0x000000000800b4ac                FDCAN1_IT0_IRQHandler
                0x000000000800b4ac                TIM2_IRQHandler
                0x000000000800b4ac                OTG_FS_WKUP_IRQHandler
                0x000000000800b4ac                OTG_HS_IRQHandler
                0x000000000800b4ac                HSEM2_IRQHandler
                0x000000000800b4ac                DMA2D_IRQHandler
                0x000000000800b4ac                TIM1_BRK_IRQHandler
                0x000000000800b4ac                EXTI1_IRQHandler
                0x000000000800b4ac                SDMMC2_IRQHandler
                0x000000000800b4ac                OTG_FS_EP1_OUT_IRQHandler
                0x000000000800b4ac                BDMA_Channel3_IRQHandler
                0x000000000800b4ac                HOLD_CORE_IRQHandler
                0x000000000800b4ac                UART7_IRQHandler
                0x000000000800b4ac                MDIOS_WKUP_IRQHandler
                0x000000000800b4ac                USART2_IRQHandler
                0x000000000800b4ac                DFSDM1_FLT0_IRQHandler
                0x000000000800b4ac                SAI4_IRQHandler
                0x000000000800b4ac                I2C2_ER_IRQHandler
                0x000000000800b4ac                DMA2_Stream1_IRQHandler
                0x000000000800b4ac                FLASH_IRQHandler
                0x000000000800b4ac                DMA2_Stream4_IRQHandler
                0x000000000800b4ac                USART1_IRQHandler
                0x000000000800b4ac                OTG_FS_IRQHandler
                0x000000000800b4ac                SPI3_IRQHandler
                0x000000000800b4ac                WAKEUP_PIN_IRQHandler
                0x000000000800b4ac                DMA1_Stream4_IRQHandler
                0x000000000800b4ac                OTG_FS_EP1_IN_IRQHandler
                0x000000000800b4ac                I2C1_ER_IRQHandler
                0x000000000800b4ac                FMC_IRQHandler
                0x000000000800b4ac                FDCAN_CAL_IRQHandler
                0x000000000800b4ac                SWPMI1_IRQHandler
                0x000000000800b4ac                COMP1_IRQHandler
                0x000000000800b4ac                LPTIM1_IRQHandler
                0x000000000800b4ac                I2C4_ER_IRQHandler
                0x000000000800b4ac                DMA2_Stream6_IRQHandler
                0x000000000800b4ac                SAI1_IRQHandler
                0x000000000800b4ac                DMA1_Stream3_IRQHandler
 *(.glue_7)
 .glue_7        0x000000000800b4ae        0x0 linker stubs
 *(.glue_7t)
 .glue_7t       0x000000000800b4ae        0x0 linker stubs
 *(.eh_frame)
 *fill*         0x000000000800b4ae        0x2 
 .eh_frame      0x000000000800b4b0        0x0 /usr/lib/gcc/arm-none-eabi/9.2.1/thumb/v7e-m+dp/hard/crtbegin.o
 *(.init)
 .init          0x000000000800b4b0        0x4 /usr/lib/gcc/arm-none-eabi/9.2.1/thumb/v7e-m+dp/hard/crti.o
                0x000000000800b4b0                _init
 .init          0x000000000800b4b4        0x8 /usr/lib/gcc/arm-none-eabi/9.2.1/thumb/v7e-m+dp/hard/crtn.o
 *(.fini)
 .fini          0x000000000800b4bc        0x4 /usr/lib/gcc/arm-none-eabi/9.2.1/thumb/v7e-m+dp/hard/crti.o
                0x000000000800b4bc                _fini
 .fini          0x000000000800b4c0        0x8 /usr/lib/gcc/arm-none-eabi/9.2.1/thumb/v7e-m+dp/hard/crtn.o
                0x000000000800b4c8                . = ALIGN (0x4)
                0x000000000800b4c8                _etext = .

.vfp11_veneer   0x000000000800b4c8        0x0
 .vfp11_veneer  0x000000000800b4c8        0x0 linker stubs

.v4_bx          0x000000000800b4c8        0x0
 .v4_bx         0x000000000800b4c8        0x0 linker stubs

.iplt           0x000000000800b4c8        0x0
 .iplt          0x000000000800b4c8        0x0 /usr/lib/gcc/arm-none-eabi/9.2.1/thumb/v7e-m+dp/hard/crtbegin.o

.rodata         0x000000000800b4c8    0x98cb0
                0x000000000800b4c8                . = ALIGN (0x4)
 *(.rodata)
 .rodata        0x000000000800b4c8       0x8a build/main.o
 *fill*         0x000000000800b552        0x2 
 .rodata        0x000000000800b554        0x4 /usr/lib/gcc/arm-none-eabi/9.2.1/../../../arm-none-eabi/lib/thumb/v7e-m+dp/hard/libc_nano.a(lib_a-impure.o)
                0x000000000800b554                _global_impure_ptr
 .rodata        0x000000000800b558      0x128 /usr/lib/gcc/arm-none-eabi/9.2.1/../../../arm-none-eabi/lib/thumb/v7e-m+dp/hard/libc_nano.a(lib_a-mprec.o)
                0x000000000800b568                __mprec_tens
                0x000000000800b630                __mprec_tinytens
                0x000000000800b658                __mprec_bigtens
 .rodata        0x000000000800b680      0x101 /usr/lib/gcc/arm-none-eabi/9.2.1/../../../arm-none-eabi/lib/thumb/v7e-m+dp/hard/libc_nano.a(lib_a-ctype_.o)
                0x000000000800b680                _ctype_
 *fill*         0x000000000800b781        0x3 
 .rodata        0x000000000800b784       0x60 /usr/lib/gcc/arm-none-eabi/9.2.1/../../../arm-none-eabi/lib/thumb/v7e-m+dp/hard/libc_nano.a(lib_a-findfp.o)
                0x000000000800b784                __sf_fake_stderr
                0x000000000800b7a4                __sf_fake_stdout
                0x000000000800b7c4                __sf_fake_stdin
 *(.rodata*)
 .rodata.LcdRegData27
                0x000000000800b7e4        0x4 build/otm8009a.o
 .rodata.LcdRegData28
                0x000000000800b7e8        0x4 build/otm8009a.o
 .rodata.short_reg_data.6324
                0x000000000800b7ec       0x33 build/otm8009a.o
 *fill*         0x000000000800b81f        0x1 
 .rodata.lcd_reg_data1.6299
                0x000000000800b820        0x3 build/otm8009a.o
 *fill*         0x000000000800b823        0x1 
 .rodata.lcd_reg_data2.6300
                0x000000000800b824        0x2 build/otm8009a.o
 *fill*         0x000000000800b826        0x2 
 .rodata.lcd_reg_data5.6303
                0x000000000800b828        0x2 build/otm8009a.o
 *fill*         0x000000000800b82a        0x2 
 .rodata.lcd_reg_data6.6304
                0x000000000800b82c        0x2 build/otm8009a.o
 *fill*         0x000000000800b82e        0x2 
 .rodata.lcd_reg_data7.6305
                0x000000000800b830        0x6 build/otm8009a.o
 *fill*         0x000000000800b836        0x2 
 .rodata.lcd_reg_data8.6306
                0x000000000800b838        0xe build/otm8009a.o
 *fill*         0x000000000800b846        0x2 
 .rodata.lcd_reg_data9.6307
                0x000000000800b848        0xe build/otm8009a.o
 *fill*         0x000000000800b856        0x2 
 .rodata.lcd_reg_data10.6308
                0x000000000800b858        0xa build/otm8009a.o
 *fill*         0x000000000800b862        0x2 
 .rodata.lcd_reg_data11.6309
                0x000000000800b864        0xa build/otm8009a.o
 *fill*         0x000000000800b86e        0x2 
 .rodata.lcd_reg_data12.6310
                0x000000000800b870        0xf build/otm8009a.o
 *fill*         0x000000000800b87f        0x1 
 .rodata.lcd_reg_data13.6311
                0x000000000800b880        0xf build/otm8009a.o
 *fill*         0x000000000800b88f        0x1 
 .rodata.lcd_reg_data14.6312
                0x000000000800b890        0xa build/otm8009a.o
 *fill*         0x000000000800b89a        0x2 
 .rodata.lcd_reg_data15.6313
                0x000000000800b89c        0xf build/otm8009a.o
 *fill*         0x000000000800b8ab        0x1 
 .rodata.lcd_reg_data16.6314
                0x000000000800b8ac        0xf build/otm8009a.o
 *fill*         0x000000000800b8bb        0x1 
 .rodata.lcd_reg_data17.6315
                0x000000000800b8bc        0xa build/otm8009a.o
 *fill*         0x000000000800b8c6        0x2 
 .rodata.lcd_reg_data18.6316
                0x000000000800b8c8        0xa build/otm8009a.o
 *fill*         0x000000000800b8d2        0x2 
 .rodata.lcd_reg_data19.6317
                0x000000000800b8d4        0xa build/otm8009a.o
 *fill*         0x000000000800b8de        0x2 
 .rodata.lcd_reg_data20.6318
                0x000000000800b8e0        0xf build/otm8009a.o
 *fill*         0x000000000800b8ef        0x1 
 .rodata.lcd_reg_data21.6319
                0x000000000800b8f0        0xf build/otm8009a.o
 *fill*         0x000000000800b8ff        0x1 
 .rodata.lcd_reg_data22.6320
                0x000000000800b900        0xa build/otm8009a.o
 *fill*         0x000000000800b90a        0x2 
 .rodata.lcd_reg_data23.6321
                0x000000000800b90c        0xf build/otm8009a.o
 *fill*         0x000000000800b91b        0x1 
 .rodata.lcd_reg_data24.6322
                0x000000000800b91c        0xf build/otm8009a.o
 *fill*         0x000000000800b92b        0x1 
 .rodata.lcd_reg_data25.6323
                0x000000000800b92c        0x3 build/otm8009a.o
 *fill*         0x000000000800b92f        0x1 
 .rodata.lcd_reg_data3.6301
                0x000000000800b930       0x10 build/otm8009a.o
 .rodata.lcd_reg_data4.6302
                0x000000000800b940       0x10 build/otm8009a.o
 .rodata.Font16_Table
                0x000000000800b950      0xbe0 build/font16.o
                0x000000000800b950                Font16_Table
 .rodata.Font24_Table
                0x000000000800c530     0x1ab8 build/font24.o
                0x000000000800c530                Font24_Table
 .rodata.LED_PIN
                0x000000000800dfe8       0x10 build/stm32h747i_discovery.o
 .rodata.D1CorePrescTable
                0x000000000800dff8       0x10 build/system_stm32h7xx_dualcore_boot_cm4_cm7.o
                0x000000000800dff8                D1CorePrescTable
 .rodata.image_320x240_argb8888
                0x000000000800e008    0x4b000 build/main.o
                0x000000000800e008                image_320x240_argb8888
 .rodata.life_augmented_argb8888
                0x0000000008059008    0x4b000 build/main.o
                0x0000000008059008                life_augmented_argb8888
 .rodata.LCD_UTIL_Driver
                0x00000000080a4008       0x2c build/main.o
                0x00000000080a4008                LCD_UTIL_Driver
 .rodata.str1.4
                0x00000000080a4034       0x12 /usr/lib/gcc/arm-none-eabi/9.2.1/../../../arm-none-eabi/lib/thumb/v7e-m+dp/hard/libc_nano.a(lib_a-nano-vfprintf_float.o)
 *fill*         0x00000000080a4046        0x2 
 .rodata.str1.4
                0x00000000080a4048       0x25 /usr/lib/gcc/arm-none-eabi/9.2.1/../../../arm-none-eabi/lib/thumb/v7e-m+dp/hard/libc_nano.a(lib_a-nano-vfprintf_i.o)
 *fill*         0x00000000080a406d        0x3 
 .rodata.str1.4
                0x00000000080a4070       0x6d /usr/lib/gcc/arm-none-eabi/9.2.1/../../../arm-none-eabi/lib/thumb/v7e-m+dp/hard/libc_nano.a(lib_a-dtoa.o)
                                         0x71 (size before relaxing)
 *fill*         0x00000000080a40dd        0x3 
 .rodata.str1.4
                0x00000000080a40e0       0x33 /usr/lib/gcc/arm-none-eabi/9.2.1/../../../arm-none-eabi/lib/thumb/v7e-m+dp/hard/libc_nano.a(lib_a-mprec.o)
                                         0x5d (size before relaxing)
 *fill*         0x00000000080a4113        0x1 
 .rodata.str1.4
                0x00000000080a4114       0x3f /usr/lib/gcc/arm-none-eabi/9.2.1/../../../arm-none-eabi/lib/thumb/v7e-m+dp/hard/libc_nano.a(lib_a-assert.o)
                                         0x43 (size before relaxing)
 *fill*         0x00000000080a4153        0x1 
 .rodata.str1.4
                0x00000000080a4154        0xe /usr/lib/gcc/arm-none-eabi/9.2.1/../../../arm-none-eabi/lib/thumb/v7e-m+dp/hard/libc_nano.a(lib_a-locale.o)
                                         0x12 (size before relaxing)
 *fill*         0x00000000080a4162        0x2 
 .rodata.str1.4
                0x00000000080a4164       0x13 /usr/lib/gcc/arm-none-eabi/9.2.1/../../../arm-none-eabi/lib/thumb/v7e-m+dp/hard/libc_nano.a(lib_a-nano-vfprintf.o)
                0x00000000080a4178                . = ALIGN (0x4)
 *fill*         0x00000000080a4177        0x1 

.rel.dyn        0x00000000080a4178        0x0
 .rel.iplt      0x00000000080a4178        0x0 /usr/lib/gcc/arm-none-eabi/9.2.1/thumb/v7e-m+dp/hard/crtbegin.o

.ARM.extab      0x00000000080a4178        0x0
                0x00000000080a4178                . = ALIGN (0x4)
 *(.ARM.extab* .gnu.linkonce.armextab.*)
                0x00000000080a4178                . = ALIGN (0x4)

.ARM            0x00000000080a4178        0x0
                0x00000000080a4178                . = ALIGN (0x4)
                0x00000000080a4178                __exidx_start = .
 *(.ARM.exidx*)
                0x00000000080a4178                __exidx_end = .
                0x00000000080a4178                . = ALIGN (0x4)

.preinit_array  0x00000000080a4178        0x0
                0x00000000080a4178                . = ALIGN (0x4)
                0x00000000080a4178                PROVIDE (__preinit_array_start = .)
 *(.preinit_array*)
                0x00000000080a4178                PROVIDE (__preinit_array_end = .)
                0x00000000080a4178                . = ALIGN (0x4)

.init_array     0x00000000080a4178        0x4
                0x00000000080a4178                . = ALIGN (0x4)
                0x00000000080a4178                PROVIDE (__init_array_start = .)
 *(SORT_BY_NAME(.init_array.*))
 *(.init_array*)
 .init_array    0x00000000080a4178        0x4 /usr/lib/gcc/arm-none-eabi/9.2.1/thumb/v7e-m+dp/hard/crtbegin.o
                0x00000000080a417c                PROVIDE (__init_array_end = .)
                0x00000000080a417c                . = ALIGN (0x4)

.fini_array     0x00000000080a417c        0x4
                0x00000000080a417c                . = ALIGN (0x4)
                0x00000000080a417c                PROVIDE (__fini_array_start = .)
 *(SORT_BY_NAME(.fini_array.*))
 *(.fini_array*)
 .fini_array    0x00000000080a417c        0x4 /usr/lib/gcc/arm-none-eabi/9.2.1/thumb/v7e-m+dp/hard/crtbegin.o
                0x00000000080a4180                PROVIDE (__fini_array_end = .)
                0x00000000080a4180                . = ALIGN (0x4)
                0x00000000080a4180                _sidata = LOADADDR (.data)

.data           0x0000000024000000      0x20c load address 0x00000000080a4180
                0x0000000024000000                . = ALIGN (0x4)
                0x0000000024000000                _sdata = .
 *(.data)
 .data          0x0000000024000000       0x64 /usr/lib/gcc/arm-none-eabi/9.2.1/../../../arm-none-eabi/lib/thumb/v7e-m+dp/hard/libc_nano.a(lib_a-impure.o)
                0x0000000024000000                _impure_ptr
 .data          0x0000000024000064      0x16c /usr/lib/gcc/arm-none-eabi/9.2.1/../../../arm-none-eabi/lib/thumb/v7e-m+dp/hard/libc_nano.a(lib_a-locale.o)
                0x0000000024000064                __global_locale
 *(.data*)
 .data.Font16   0x00000000240001d0        0x8 build/font16.o
                0x00000000240001d0                Font16
 .data.Font24   0x00000000240001d8        0x8 build/font24.o
                0x00000000240001d8                Font24
 .data.LED_PORT
                0x00000000240001e0       0x10 build/stm32h747i_discovery.o
 .data.SystemCoreClock
                0x00000000240001f0        0x4 build/system_stm32h7xx_dualcore_boot_cm4_cm7.o
                0x00000000240001f0                SystemCoreClock
 .data.SystemD2Clock
                0x00000000240001f4        0x4 build/system_stm32h7xx_dualcore_boot_cm4_cm7.o
                0x00000000240001f4                SystemD2Clock
 .data.uwTickPrio
                0x00000000240001f8        0x4 build/stm32h7xx_hal.o
                0x00000000240001f8                uwTickPrio
 .data.uwTickFreq
                0x00000000240001fc        0x1 build/stm32h7xx_hal.o
                0x00000000240001fc                uwTickFreq
 *fill*         0x00000000240001fd        0x3 
 .data.pending_buffer
                0x0000000024000200        0x4 build/main.o
 .data.Images   0x0000000024000204        0x8 build/main.o
 *(.RamFunc)
 *(.RamFunc*)
                0x000000002400020c                . = ALIGN (0x4)
                0x000000002400020c                _edata = .

.tm_clone_table
                0x000000002400020c        0x0 load address 0x00000000080a438c
 .tm_clone_table
                0x000000002400020c        0x0 /usr/lib/gcc/arm-none-eabi/9.2.1/thumb/v7e-m+dp/hard/crtbegin.o
 .tm_clone_table
                0x000000002400020c        0x0 /usr/lib/gcc/arm-none-eabi/9.2.1/thumb/v7e-m+dp/hard/crtend.o

.igot.plt       0x000000002400020c        0x0 load address 0x00000000080a438c
 .igot.plt      0x000000002400020c        0x0 /usr/lib/gcc/arm-none-eabi/9.2.1/thumb/v7e-m+dp/hard/crtbegin.o
                0x000000002400020c                . = ALIGN (0x4)

.bss            0x000000002400020c      0x4ec load address 0x00000000080a438c
                0x000000002400020c                _sbss = .
                0x000000002400020c                __bss_start__ = _sbss
 *(.bss)
 .bss           0x000000002400020c       0x1c /usr/lib/gcc/arm-none-eabi/9.2.1/thumb/v7e-m+dp/hard/crtbegin.o
 .bss           0x0000000024000228        0x8 /usr/lib/gcc/arm-none-eabi/9.2.1/../../../arm-none-eabi/lib/thumb/v7e-m+dp/hard/libc_nano.a(lib_a-nano-mallocr.o)
                0x0000000024000228                __malloc_free_list
                0x000000002400022c                __malloc_sbrk_start
 .bss           0x0000000024000230        0x4 /usr/lib/gcc/arm-none-eabi/9.2.1/../../../arm-none-eabi/lib/thumb/v7e-m+dp/hard/libnosys.a(sbrk.o)
 *(.bss*)
 .bss.Command   0x0000000024000234       0x10 build/is42s32800j.o
 .bss.OTM8009ACtx
                0x0000000024000244        0xc build/otm8009a.o
 .bss.pRegMode.12206
                0x0000000024000250       0x20 build/stm32h747i_discovery_sdram.o
 .bss.mdma_handle.12226
                0x0000000024000270       0x6c build/stm32h747i_discovery_sdram.o
 .bss.DrawProp  0x00000000240002dc       0x40 build/stm32_lcd.o
 .bss.FuncDriver
                0x000000002400031c       0x2c build/stm32_lcd.o
 .bss.hdma2d    0x0000000024000348       0x68 build/main.o
 .bss.PeriphClkInitStruct
                0x00000000240003b0       0xc0 build/main.o
 .bss.ImageIndex
                0x0000000024000470        0x4 build/main.o
 .bss.OTM8009AObj.14624
                0x0000000024000474       0x20 build/main.o
 .bss.Lcd_CompObj.14625
                0x0000000024000494        0x4 build/main.o
 *(COMMON)
 COMMON         0x0000000024000498      0x148 build/stm32h747i_discovery_lcd.o
                0x0000000024000498                hlcd_ltdc
                0x0000000024000540                Lcd_Ctx
                0x000000002400055c                hlcd_dsi
                0x0000000024000578                hlcd_dma2d
 COMMON         0x00000000240005e0       0x34 build/stm32h747i_discovery_sdram.o
                0x00000000240005e0                hsdram
 COMMON         0x0000000024000614        0x4 build/stm32h7xx_hal.o
                0x0000000024000614                uwTick
 COMMON         0x0000000024000618       0xdc build/main.o
                0x0000000024000618                CmdCfg
                0x0000000024000644                dsiPllInit
                0x0000000024000650                hdsivideo_handle
                0x00000000240006bc                LPCmd
                0x00000000240006f0                pObj
 COMMON         0x00000000240006f4        0x4 /usr/lib/gcc/arm-none-eabi/9.2.1/../../../arm-none-eabi/lib/thumb/v7e-m+dp/hard/libc_nano.a(lib_a-reent.o)
                0x00000000240006f4                errno
                0x00000000240006f8                . = ALIGN (0x4)
                0x00000000240006f8                _ebss = .
                0x00000000240006f8                __bss_end__ = _ebss

._user_heap_stack
                0x00000000240006f8      0x600 load address 0x00000000080a438c
                0x00000000240006f8                . = ALIGN (0x8)
                0x00000000240006f8                PROVIDE (end = .)
                [!provide]                        PROVIDE (_end = .)
                0x00000000240008f8                . = (. + _Min_Heap_Size)
 *fill*         0x00000000240006f8      0x200 
                0x0000000024000cf8                . = (. + _Min_Stack_Size)
 *fill*         0x00000000240008f8      0x400 
                0x0000000024000cf8                . = ALIGN (0x8)

/DISCARD/
 libc.a(*)
 libm.a(*)
 libgcc.a(*)

.ARM.attributes
                0x0000000000000000       0x2e
 *(.ARM.attributes)
 .ARM.attributes
                0x0000000000000000       0x1e /usr/lib/gcc/arm-none-eabi/9.2.1/thumb/v7e-m+dp/hard/crti.o
 .ARM.attributes
                0x000000000000001e       0x32 /usr/lib/gcc/arm-none-eabi/9.2.1/thumb/v7e-m+dp/hard/crtbegin.o
 .ARM.attributes
                0x0000000000000050       0x32 build/is42s32800j.o
 .ARM.attributes
                0x0000000000000082       0x32 build/otm8009a.o
 .ARM.attributes
                0x00000000000000b4       0x32 build/otm8009a_reg.o
 .ARM.attributes
                0x00000000000000e6       0x37 build/font16.o
 .ARM.attributes
                0x000000000000011d       0x37 build/font24.o
 .ARM.attributes
                0x0000000000000154       0x32 build/stm32h747i_discovery.o
 .ARM.attributes
                0x0000000000000186       0x32 build/stm32h747i_discovery_bus.o
 .ARM.attributes
                0x00000000000001b8       0x32 build/stm32h747i_discovery_lcd.o
 .ARM.attributes
                0x00000000000001ea       0x32 build/stm32h747i_discovery_sdram.o
 .ARM.attributes
                0x000000000000021c       0x32 build/stm32_lcd.o
 .ARM.attributes
                0x000000000000024e       0x32 build/system_stm32h7xx_dualcore_boot_cm4_cm7.o
 .ARM.attributes
                0x0000000000000280       0x32 build/stm32h7xx_hal.o
 .ARM.attributes
                0x00000000000002b2       0x32 build/stm32h7xx_hal_cortex.o
 .ARM.attributes
                0x00000000000002e4       0x32 build/stm32h7xx_hal_dma2d.o
 .ARM.attributes
                0x0000000000000316       0x32 build/stm32h7xx_hal_dsi.o
 .ARM.attributes
                0x0000000000000348       0x32 build/stm32h7xx_hal_gpio.o
 .ARM.attributes
                0x000000000000037a       0x32 build/stm32h7xx_hal_ltdc.o
 .ARM.attributes
                0x00000000000003ac       0x32 build/stm32h7xx_hal_mdma.o
 .ARM.attributes
                0x00000000000003de       0x32 build/stm32h7xx_hal_pwr_ex.o
 .ARM.attributes
                0x0000000000000410       0x32 build/stm32h7xx_hal_rcc.o
 .ARM.attributes
                0x0000000000000442       0x32 build/stm32h7xx_hal_rcc_ex.o
 .ARM.attributes
                0x0000000000000474       0x32 build/stm32h7xx_hal_sdram.o
 .ARM.attributes
                0x00000000000004a6       0x32 build/stm32h7xx_ll_fmc.o
 .ARM.attributes
                0x00000000000004d8       0x32 build/main.o
 .ARM.attributes
                0x000000000000050a       0x32 build/stm32h7xx_it.o
 .ARM.attributes
                0x000000000000053c       0x21 build/startup_stm32h747xihx.o
 .ARM.attributes
                0x000000000000055d       0x30 /usr/lib/gcc/arm-none-eabi/9.2.1/../../../arm-none-eabi/lib/thumb/v7e-m+dp/hard/libc_nano.a(lib_a-impure.o)
 .ARM.attributes
                0x000000000000058d       0x32 /usr/lib/gcc/arm-none-eabi/9.2.1/../../../arm-none-eabi/lib/thumb/v7e-m+dp/hard/libc_nano.a(lib_a-init.o)
 .ARM.attributes
                0x00000000000005bf       0x1c /usr/lib/gcc/arm-none-eabi/9.2.1/../../../arm-none-eabi/lib/thumb/v7e-m+dp/hard/libc_nano.a(lib_a-memcpy.o)
 .ARM.attributes
                0x00000000000005db       0x32 /usr/lib/gcc/arm-none-eabi/9.2.1/../../../arm-none-eabi/lib/thumb/v7e-m+dp/hard/libc_nano.a(lib_a-memmove.o)
 .ARM.attributes
                0x000000000000060d       0x32 /usr/lib/gcc/arm-none-eabi/9.2.1/../../../arm-none-eabi/lib/thumb/v7e-m+dp/hard/libc_nano.a(lib_a-memset.o)
 .ARM.attributes
                0x000000000000063f       0x32 /usr/lib/gcc/arm-none-eabi/9.2.1/../../../arm-none-eabi/lib/thumb/v7e-m+dp/hard/libc_nano.a(lib_a-nano-vfprintf_float.o)
 .ARM.attributes
                0x0000000000000671       0x32 /usr/lib/gcc/arm-none-eabi/9.2.1/../../../arm-none-eabi/lib/thumb/v7e-m+dp/hard/libc_nano.a(lib_a-nano-vfprintf_i.o)
 .ARM.attributes
                0x00000000000006a3       0x1c /usr/lib/gcc/arm-none-eabi/9.2.1/../../../arm-none-eabi/lib/thumb/v7e-m+dp/hard/libc_nano.a(lib_a-strlen.o)
 .ARM.attributes
                0x00000000000006bf       0x32 /usr/lib/gcc/arm-none-eabi/9.2.1/../../../arm-none-eabi/lib/thumb/v7e-m+dp/hard/libc_nano.a(lib_a-dtoa.o)
 .ARM.attributes
                0x00000000000006f1       0x32 /usr/lib/gcc/arm-none-eabi/9.2.1/../../../arm-none-eabi/lib/thumb/v7e-m+dp/hard/libc_nano.a(lib_a-localeconv.o)
 .ARM.attributes
                0x0000000000000723       0x32 /usr/lib/gcc/arm-none-eabi/9.2.1/../../../arm-none-eabi/lib/thumb/v7e-m+dp/hard/libc_nano.a(lib_a-malloc.o)
 .ARM.attributes
                0x0000000000000755       0x1c /usr/lib/gcc/arm-none-eabi/9.2.1/../../../arm-none-eabi/lib/thumb/v7e-m+dp/hard/libc_nano.a(lib_a-memchr.o)
 .ARM.attributes
                0x0000000000000771       0x32 /usr/lib/gcc/arm-none-eabi/9.2.1/../../../arm-none-eabi/lib/thumb/v7e-m+dp/hard/libc_nano.a(lib_a-mprec.o)
 .ARM.attributes
                0x00000000000007a3       0x32 /usr/lib/gcc/arm-none-eabi/9.2.1/../../../arm-none-eabi/lib/thumb/v7e-m+dp/hard/libc_nano.a(lib_a-nano-callocr.o)
 .ARM.attributes
                0x00000000000007d5       0x32 /usr/lib/gcc/arm-none-eabi/9.2.1/../../../arm-none-eabi/lib/thumb/v7e-m+dp/hard/libc_nano.a(lib_a-nano-freer.o)
 .ARM.attributes
                0x0000000000000807       0x32 /usr/lib/gcc/arm-none-eabi/9.2.1/../../../arm-none-eabi/lib/thumb/v7e-m+dp/hard/libc_nano.a(lib_a-nano-mallocr.o)
 .ARM.attributes
                0x0000000000000839       0x32 /usr/lib/gcc/arm-none-eabi/9.2.1/../../../arm-none-eabi/lib/thumb/v7e-m+dp/hard/libc_nano.a(lib_a-sbrkr.o)
 .ARM.attributes
                0x000000000000086b       0x32 /usr/lib/gcc/arm-none-eabi/9.2.1/../../../arm-none-eabi/lib/thumb/v7e-m+dp/hard/libc_nano.a(lib_a-assert.o)
 .ARM.attributes
                0x000000000000089d       0x32 /usr/lib/gcc/arm-none-eabi/9.2.1/../../../arm-none-eabi/lib/thumb/v7e-m+dp/hard/libc_nano.a(lib_a-fprintf.o)
 .ARM.attributes
                0x00000000000008cf       0x32 /usr/lib/gcc/arm-none-eabi/9.2.1/../../../arm-none-eabi/lib/thumb/v7e-m+dp/hard/libc_nano.a(lib_a-locale.o)
 .ARM.attributes
                0x0000000000000901       0x32 /usr/lib/gcc/arm-none-eabi/9.2.1/../../../arm-none-eabi/lib/thumb/v7e-m+dp/hard/libc_nano.a(lib_a-mbtowc_r.o)
 .ARM.attributes
                0x0000000000000933       0x32 /usr/lib/gcc/arm-none-eabi/9.2.1/../../../arm-none-eabi/lib/thumb/v7e-m+dp/hard/libc_nano.a(lib_a-mlock.o)
 .ARM.attributes
                0x0000000000000965       0x32 /usr/lib/gcc/arm-none-eabi/9.2.1/../../../arm-none-eabi/lib/thumb/v7e-m+dp/hard/libc_nano.a(lib_a-nano-vfprintf.o)
 .ARM.attributes
                0x0000000000000997       0x32 /usr/lib/gcc/arm-none-eabi/9.2.1/../../../arm-none-eabi/lib/thumb/v7e-m+dp/hard/libc_nano.a(lib_a-reent.o)
 .ARM.attributes
                0x00000000000009c9       0x32 /usr/lib/gcc/arm-none-eabi/9.2.1/../../../arm-none-eabi/lib/thumb/v7e-m+dp/hard/libc_nano.a(lib_a-wbuf.o)
 .ARM.attributes
                0x00000000000009fb       0x32 /usr/lib/gcc/arm-none-eabi/9.2.1/../../../arm-none-eabi/lib/thumb/v7e-m+dp/hard/libc_nano.a(lib_a-wctomb_r.o)
 .ARM.attributes
                0x0000000000000a2d       0x32 /usr/lib/gcc/arm-none-eabi/9.2.1/../../../arm-none-eabi/lib/thumb/v7e-m+dp/hard/libc_nano.a(lib_a-wsetup.o)
 .ARM.attributes
                0x0000000000000a5f       0x32 /usr/lib/gcc/arm-none-eabi/9.2.1/../../../arm-none-eabi/lib/thumb/v7e-m+dp/hard/libc_nano.a(lib_a-abort.o)
 .ARM.attributes
                0x0000000000000a91       0x30 /usr/lib/gcc/arm-none-eabi/9.2.1/../../../arm-none-eabi/lib/thumb/v7e-m+dp/hard/libc_nano.a(lib_a-ctype_.o)
 .ARM.attributes
                0x0000000000000ac1       0x32 /usr/lib/gcc/arm-none-eabi/9.2.1/../../../arm-none-eabi/lib/thumb/v7e-m+dp/hard/libc_nano.a(lib_a-fflush.o)
 .ARM.attributes
                0x0000000000000af3       0x32 /usr/lib/gcc/arm-none-eabi/9.2.1/../../../arm-none-eabi/lib/thumb/v7e-m+dp/hard/libc_nano.a(lib_a-findfp.o)
 .ARM.attributes
                0x0000000000000b25       0x32 /usr/lib/gcc/arm-none-eabi/9.2.1/../../../arm-none-eabi/lib/thumb/v7e-m+dp/hard/libc_nano.a(lib_a-fvwrite.o)
 .ARM.attributes
                0x0000000000000b57       0x32 /usr/lib/gcc/arm-none-eabi/9.2.1/../../../arm-none-eabi/lib/thumb/v7e-m+dp/hard/libc_nano.a(lib_a-fwalk.o)
 .ARM.attributes
                0x0000000000000b89       0x32 /usr/lib/gcc/arm-none-eabi/9.2.1/../../../arm-none-eabi/lib/thumb/v7e-m+dp/hard/libc_nano.a(lib_a-makebuf.o)
 .ARM.attributes
                0x0000000000000bbb       0x32 /usr/lib/gcc/arm-none-eabi/9.2.1/../../../arm-none-eabi/lib/thumb/v7e-m+dp/hard/libc_nano.a(lib_a-nano-reallocr.o)
 .ARM.attributes
                0x0000000000000bed       0x32 /usr/lib/gcc/arm-none-eabi/9.2.1/../../../arm-none-eabi/lib/thumb/v7e-m+dp/hard/libc_nano.a(lib_a-signal.o)
 .ARM.attributes
                0x0000000000000c1f       0x32 /usr/lib/gcc/arm-none-eabi/9.2.1/../../../arm-none-eabi/lib/thumb/v7e-m+dp/hard/libc_nano.a(lib_a-signalr.o)
 .ARM.attributes
                0x0000000000000c51       0x32 /usr/lib/gcc/arm-none-eabi/9.2.1/../../../arm-none-eabi/lib/thumb/v7e-m+dp/hard/libc_nano.a(lib_a-stdio.o)
 .ARM.attributes
                0x0000000000000c83       0x32 /usr/lib/gcc/arm-none-eabi/9.2.1/../../../arm-none-eabi/lib/thumb/v7e-m+dp/hard/libc_nano.a(lib_a-writer.o)
 .ARM.attributes
                0x0000000000000cb5       0x32 /usr/lib/gcc/arm-none-eabi/9.2.1/../../../arm-none-eabi/lib/thumb/v7e-m+dp/hard/libc_nano.a(lib_a-closer.o)
 .ARM.attributes
                0x0000000000000ce7       0x32 /usr/lib/gcc/arm-none-eabi/9.2.1/../../../arm-none-eabi/lib/thumb/v7e-m+dp/hard/libc_nano.a(lib_a-fstatr.o)
 .ARM.attributes
                0x0000000000000d19       0x32 /usr/lib/gcc/arm-none-eabi/9.2.1/../../../arm-none-eabi/lib/thumb/v7e-m+dp/hard/libc_nano.a(lib_a-isattyr.o)
 .ARM.attributes
                0x0000000000000d4b       0x32 /usr/lib/gcc/arm-none-eabi/9.2.1/../../../arm-none-eabi/lib/thumb/v7e-m+dp/hard/libc_nano.a(lib_a-lseekr.o)
 .ARM.attributes
                0x0000000000000d7d       0x32 /usr/lib/gcc/arm-none-eabi/9.2.1/../../../arm-none-eabi/lib/thumb/v7e-m+dp/hard/libc_nano.a(lib_a-nano-msizer.o)
 .ARM.attributes
                0x0000000000000daf       0x32 /usr/lib/gcc/arm-none-eabi/9.2.1/../../../arm-none-eabi/lib/thumb/v7e-m+dp/hard/libc_nano.a(lib_a-readr.o)
 .ARM.attributes
                0x0000000000000de1       0x32 /usr/lib/gcc/arm-none-eabi/9.2.1/../../../arm-none-eabi/lib/thumb/v7e-m+dp/hard/libnosys.a(close.o)
 .ARM.attributes
                0x0000000000000e13       0x32 /usr/lib/gcc/arm-none-eabi/9.2.1/../../../arm-none-eabi/lib/thumb/v7e-m+dp/hard/libnosys.a(fstat.o)
 .ARM.attributes
                0x0000000000000e45       0x32 /usr/lib/gcc/arm-none-eabi/9.2.1/../../../arm-none-eabi/lib/thumb/v7e-m+dp/hard/libnosys.a(getpid.o)
 .ARM.attributes
                0x0000000000000e77       0x32 /usr/lib/gcc/arm-none-eabi/9.2.1/../../../arm-none-eabi/lib/thumb/v7e-m+dp/hard/libnosys.a(isatty.o)
 .ARM.attributes
                0x0000000000000ea9       0x32 /usr/lib/gcc/arm-none-eabi/9.2.1/../../../arm-none-eabi/lib/thumb/v7e-m+dp/hard/libnosys.a(kill.o)
 .ARM.attributes
                0x0000000000000edb       0x32 /usr/lib/gcc/arm-none-eabi/9.2.1/../../../arm-none-eabi/lib/thumb/v7e-m+dp/hard/libnosys.a(lseek.o)
 .ARM.attributes
                0x0000000000000f0d       0x32 /usr/lib/gcc/arm-none-eabi/9.2.1/../../../arm-none-eabi/lib/thumb/v7e-m+dp/hard/libnosys.a(read.o)
 .ARM.attributes
                0x0000000000000f3f       0x32 /usr/lib/gcc/arm-none-eabi/9.2.1/../../../arm-none-eabi/lib/thumb/v7e-m+dp/hard/libnosys.a(sbrk.o)
 .ARM.attributes
                0x0000000000000f71       0x32 /usr/lib/gcc/arm-none-eabi/9.2.1/../../../arm-none-eabi/lib/thumb/v7e-m+dp/hard/libnosys.a(write.o)
 .ARM.attributes
                0x0000000000000fa3       0x32 /usr/lib/gcc/arm-none-eabi/9.2.1/../../../arm-none-eabi/lib/thumb/v7e-m+dp/hard/libnosys.a(_exit.o)
 .ARM.attributes
                0x0000000000000fd5       0x30 /usr/lib/gcc/arm-none-eabi/9.2.1/thumb/v7e-m+dp/hard/crtend.o
 .ARM.attributes
                0x0000000000001005       0x1e /usr/lib/gcc/arm-none-eabi/9.2.1/thumb/v7e-m+dp/hard/crtn.o
OUTPUT(build/747_LCD.elf elf32-littlearm)
LOAD linker stubs
LOAD /usr/lib/gcc/arm-none-eabi/9.2.1/../../../arm-none-eabi/lib/thumb/v7e-m+dp/hard/libc.a
LOAD /usr/lib/gcc/arm-none-eabi/9.2.1/../../../arm-none-eabi/lib/thumb/v7e-m+dp/hard/libm.a
LOAD /usr/lib/gcc/arm-none-eabi/9.2.1/thumb/v7e-m+dp/hard/libgcc.a

.comment        0x0000000000000000       0xa7
 .comment       0x0000000000000000       0x59 /usr/lib/gcc/arm-none-eabi/9.2.1/thumb/v7e-m+dp/hard/crtbegin.o
                                         0x5a (size before relaxing)
 .comment       0x0000000000000059       0x5a build/is42s32800j.o
 .comment       0x0000000000000059       0x5a build/otm8009a.o
 .comment       0x0000000000000059       0x5a build/otm8009a_reg.o
 .comment       0x0000000000000059       0x5a build/font16.o
 .comment       0x0000000000000059       0x5a build/font24.o
 .comment       0x0000000000000059       0x5a build/stm32h747i_discovery.o
 .comment       0x0000000000000059       0x5a build/stm32h747i_discovery_bus.o
 .comment       0x0000000000000059       0x5a build/stm32h747i_discovery_lcd.o
 .comment       0x0000000000000059       0x5a build/stm32h747i_discovery_sdram.o
 .comment       0x0000000000000059       0x5a build/stm32_lcd.o
 .comment       0x0000000000000059       0x5a build/system_stm32h7xx_dualcore_boot_cm4_cm7.o
 .comment       0x0000000000000059       0x5a build/stm32h7xx_hal.o
 .comment       0x0000000000000059       0x5a build/stm32h7xx_hal_cortex.o